Archive member included to satisfy reference by file (symbol)

c:/st/stm32cubeide_1.9.0/stm32cubeide/plugins/com.st.stm32cube.ide.mcu.externaltools.gnu-tools-for-stm32.10.3-2021.10.win32_1.0.0.202111181127/tools/bin/../lib/gcc/arm-none-eabi/10.3.1/../../../../arm-none-eabi/lib/thumb/v7e-m+fp/hard\libc_nano.a(lib_a-errno.o)
                              ./Core/Src/syscalls.o (__errno)
c:/st/stm32cubeide_1.9.0/stm32cubeide/plugins/com.st.stm32cube.ide.mcu.externaltools.gnu-tools-for-stm32.10.3-2021.10.win32_1.0.0.202111181127/tools/bin/../lib/gcc/arm-none-eabi/10.3.1/../../../../arm-none-eabi/lib/thumb/v7e-m+fp/hard\libc_nano.a(lib_a-exit.o)
                              c:/st/stm32cubeide_1.9.0/stm32cubeide/plugins/com.st.stm32cube.ide.mcu.externaltools.gnu-tools-for-stm32.10.3-2021.10.win32_1.0.0.202111181127/tools/bin/../lib/gcc/arm-none-eabi/10.3.1/../../../../arm-none-eabi/lib/thumb/v7e-m+fp/hard/crt0.o (exit)
c:/st/stm32cubeide_1.9.0/stm32cubeide/plugins/com.st.stm32cube.ide.mcu.externaltools.gnu-tools-for-stm32.10.3-2021.10.win32_1.0.0.202111181127/tools/bin/../lib/gcc/arm-none-eabi/10.3.1/../../../../arm-none-eabi/lib/thumb/v7e-m+fp/hard\libc_nano.a(lib_a-impure.o)
                              c:/st/stm32cubeide_1.9.0/stm32cubeide/plugins/com.st.stm32cube.ide.mcu.externaltools.gnu-tools-for-stm32.10.3-2021.10.win32_1.0.0.202111181127/tools/bin/../lib/gcc/arm-none-eabi/10.3.1/../../../../arm-none-eabi/lib/thumb/v7e-m+fp/hard\libc_nano.a(lib_a-exit.o) (_global_impure_ptr)
c:/st/stm32cubeide_1.9.0/stm32cubeide/plugins/com.st.stm32cube.ide.mcu.externaltools.gnu-tools-for-stm32.10.3-2021.10.win32_1.0.0.202111181127/tools/bin/../lib/gcc/arm-none-eabi/10.3.1/../../../../arm-none-eabi/lib/thumb/v7e-m+fp/hard\libc_nano.a(lib_a-init.o)
                              c:/st/stm32cubeide_1.9.0/stm32cubeide/plugins/com.st.stm32cube.ide.mcu.externaltools.gnu-tools-for-stm32.10.3-2021.10.win32_1.0.0.202111181127/tools/bin/../lib/gcc/arm-none-eabi/10.3.1/../../../../arm-none-eabi/lib/thumb/v7e-m+fp/hard/crt0.o (__libc_init_array)
c:/st/stm32cubeide_1.9.0/stm32cubeide/plugins/com.st.stm32cube.ide.mcu.externaltools.gnu-tools-for-stm32.10.3-2021.10.win32_1.0.0.202111181127/tools/bin/../lib/gcc/arm-none-eabi/10.3.1/../../../../arm-none-eabi/lib/thumb/v7e-m+fp/hard\libc_nano.a(lib_a-memcpy-stub.o)
                              ./Drivers/LMX2594/Src/lmx2594_synthesizer_init.o (memcpy)
c:/st/stm32cubeide_1.9.0/stm32cubeide/plugins/com.st.stm32cube.ide.mcu.externaltools.gnu-tools-for-stm32.10.3-2021.10.win32_1.0.0.202111181127/tools/bin/../lib/gcc/arm-none-eabi/10.3.1/../../../../arm-none-eabi/lib/thumb/v7e-m+fp/hard\libc_nano.a(lib_a-memset.o)
                              c:/st/stm32cubeide_1.9.0/stm32cubeide/plugins/com.st.stm32cube.ide.mcu.externaltools.gnu-tools-for-stm32.10.3-2021.10.win32_1.0.0.202111181127/tools/bin/../lib/gcc/arm-none-eabi/10.3.1/../../../../arm-none-eabi/lib/thumb/v7e-m+fp/hard/crt0.o (memset)
c:/st/stm32cubeide_1.9.0/stm32cubeide/plugins/com.st.stm32cube.ide.mcu.externaltools.gnu-tools-for-stm32.10.3-2021.10.win32_1.0.0.202111181127/tools/bin/../lib/gcc/arm-none-eabi/10.3.1/../../../../arm-none-eabi/lib/thumb/v7e-m+fp/hard\libm.a(lib_a-s_floor.o)
                              ./Drivers/LMX2594_In_Pair/Src/lmx2594_in_pair.o (floor)
c:/st/stm32cubeide_1.9.0/stm32cubeide/plugins/com.st.stm32cube.ide.mcu.externaltools.gnu-tools-for-stm32.10.3-2021.10.win32_1.0.0.202111181127/tools/bin/../lib/gcc/arm-none-eabi/10.3.1/../../../../arm-none-eabi/lib/thumb/v7e-m+fp/hard\libm.a(lib_a-s_round.o)
                              ./Drivers/LMX2594/Src/lmx2594_synthesizer_control.o (round)
c:/st/stm32cubeide_1.9.0/stm32cubeide/plugins/com.st.stm32cube.ide.mcu.externaltools.gnu-tools-for-stm32.10.3-2021.10.win32_1.0.0.202111181127/tools/bin/../lib/gcc/arm-none-eabi/10.3.1/thumb/v7e-m+fp/hard\libgcc.a(_arm_muldf3.o)
                              ./Drivers/LMX2594/Src/lmx2594_synthesizer_control.o (__aeabi_dmul)
c:/st/stm32cubeide_1.9.0/stm32cubeide/plugins/com.st.stm32cube.ide.mcu.externaltools.gnu-tools-for-stm32.10.3-2021.10.win32_1.0.0.202111181127/tools/bin/../lib/gcc/arm-none-eabi/10.3.1/thumb/v7e-m+fp/hard\libgcc.a(_arm_addsubdf3.o)
                              ./Drivers/LMX2594/Src/lmx2594_synthesizer_control.o (__aeabi_dsub)
c:/st/stm32cubeide_1.9.0/stm32cubeide/plugins/com.st.stm32cube.ide.mcu.externaltools.gnu-tools-for-stm32.10.3-2021.10.win32_1.0.0.202111181127/tools/bin/../lib/gcc/arm-none-eabi/10.3.1/thumb/v7e-m+fp/hard\libgcc.a(_arm_muldivdf3.o)
                              ./Drivers/LMX2594/Src/lmx2594_synthesizer_control.o (__aeabi_ddiv)
c:/st/stm32cubeide_1.9.0/stm32cubeide/plugins/com.st.stm32cube.ide.mcu.externaltools.gnu-tools-for-stm32.10.3-2021.10.win32_1.0.0.202111181127/tools/bin/../lib/gcc/arm-none-eabi/10.3.1/thumb/v7e-m+fp/hard\libgcc.a(_arm_cmpdf2.o)
                              ./Drivers/LMX2594_In_Pair/Src/lmx2594_in_pair.o (__aeabi_dcmplt)
[...]
Memory Configuration

Name             Origin             Length             Attributes
CCMRAM           0x0000000010000000 0x0000000000010000 xrw
RAM              0x0000000020000000 0x0000000000030000 xrw
FLASH            0x0000000008000000 0x0000000000200000 xr
*default*        0x0000000000000000 0xffffffffffffffff

Linker script and memory map

LOAD c:/st/stm32cubeide_1.9.0/stm32cubeide/plugins/com.st.stm32cube.ide.mcu.externaltools.gnu-tools-for-stm32.10.3-2021.10.win32_1.0.0.202111181127/tools/bin/../lib/gcc/arm-none-eabi/10.3.1/thumb/v7e-m+fp/hard/crti.o
LOAD c:/st/stm32cubeide_1.9.0/stm32cubeide/plugins/com.st.stm32cube.ide.mcu.externaltools.gnu-tools-for-stm32.10.3-2021.10.win32_1.0.0.202111181127/tools/bin/../lib/gcc/arm-none-eabi/10.3.1/thumb/v7e-m+fp/hard/crtbegin.o
LOAD c:/st/stm32cubeide_1.9.0/stm32cubeide/plugins/com.st.stm32cube.ide.mcu.externaltools.gnu-tools-for-stm32.10.3-2021.10.win32_1.0.0.202111181127/tools/bin/../lib/gcc/arm-none-eabi/10.3.1/../../../../arm-none-eabi/lib/thumb/v7e-m+fp/hard/crt0.o
LOAD ./Core/Src/main.o
LOAD ./Core/Src/stm32f4xx_hal_msp.o
LOAD ./Core/Src/stm32f4xx_it.o
LOAD ./Core/Src/syscalls.o
LOAD ./Core/Src/sysmem.o
LOAD ./Core/Src/system_stm32f4xx.o
LOAD ./Core/Startup/startup_stm32f429zitx.o
LOAD ./Drivers/LMX2594/Src/lmx2594_com_control.o
LOAD ./Drivers/LMX2594/Src/lmx2594_parameters.o
LOAD ./Drivers/LMX2594/Src/lmx2594_parameters_control.o
LOAD ./Drivers/LMX2594/Src/lmx2594_registers_control.o
LOAD ./Drivers/LMX2594/Src/lmx2594_synthesizer_control.o
LOAD ./Drivers/LMX2594/Src/lmx2594_synthesizer_init.o
LOAD ./Drivers/LMX2594_In_Pair/Src/lmx2594_in_pair.o
LOAD ./Drivers/STM32F4xx_HAL_Driver/Src/stm32f4xx_hal.o
LOAD ./Drivers/STM32F4xx_HAL_Driver/Src/stm32f4xx_hal_cortex.o
LOAD ./Drivers/STM32F4xx_HAL_Driver/Src/stm32f4xx_hal_dma.o
LOAD ./Drivers/STM32F4xx_HAL_Driver/Src/stm32f4xx_hal_dma_ex.o
LOAD ./Drivers/STM32F4xx_HAL_Driver/Src/stm32f4xx_hal_exti.o
LOAD ./Drivers/STM32F4xx_HAL_Driver/Src/stm32f4xx_hal_flash.o
LOAD ./Drivers/STM32F4xx_HAL_Driver/Src/stm32f4xx_hal_flash_ex.o
LOAD ./Drivers/STM32F4xx_HAL_Driver/Src/stm32f4xx_hal_flash_ramfunc.o
LOAD ./Drivers/STM32F4xx_HAL_Driver/Src/stm32f4xx_hal_gpio.o
LOAD ./Drivers/STM32F4xx_HAL_Driver/Src/stm32f4xx_hal_pwr.o
LOAD ./Drivers/STM32F4xx_HAL_Driver/Src/stm32f4xx_hal_pwr_ex.o
LOAD ./Drivers/STM32F4xx_HAL_Driver/Src/stm32f4xx_hal_rcc.o
LOAD ./Drivers/STM32F4xx_HAL_Driver/Src/stm32f4xx_hal_rcc_ex.o
LOAD ./Drivers/STM32F4xx_HAL_Driver/Src/stm32f4xx_hal_spi.o
LOAD ./Drivers/STM32F4xx_HAL_Driver/Src/stm32f4xx_hal_tim.o
LOAD ./Drivers/STM32F4xx_HAL_Driver/Src/stm32f4xx_hal_tim_ex.o
LOAD ./Drivers/STM32F4xx_HAL_Driver/Src/stm32f4xx_hal_uart.o
START GROUP
LOAD c:/st/stm32cubeide_1.9.0/stm32cubeide/plugins/com.st.stm32cube.ide.mcu.externaltools.gnu-tools-for-stm32.10.3-2021.10.win32_1.0.0.202111181127/tools/bin/../lib/gcc/arm-none-eabi/10.3.1/../../../../arm-none-eabi/lib/thumb/v7e-m+fp/hard\libc_nano.a
LOAD c:/st/stm32cubeide_1.9.0/stm32cubeide/plugins/com.st.stm32cube.ide.mcu.externaltools.gnu-tools-for-stm32.10.3-2021.10.win32_1.0.0.202111181127/tools/bin/../lib/gcc/arm-none-eabi/10.3.1/../../../../arm-none-eabi/lib/thumb/v7e-m+fp/hard\libm.a
END GROUP
START GROUP
LOAD c:/st/stm32cubeide_1.9.0/stm32cubeide/plugins/com.st.stm32cube.ide.mcu.externaltools.gnu-tools-for-stm32.10.3-2021.10.win32_1.0.0.202111181127/tools/bin/../lib/gcc/arm-none-eabi/10.3.1/thumb/v7e-m+fp/hard\libgcc.a
LOAD c:/st/stm32cubeide_1.9.0/stm32cubeide/plugins/com.st.stm32cube.ide.mcu.externaltools.gnu-tools-for-stm32.10.3-2021.10.win32_1.0.0.202111181127/tools/bin/../lib/gcc/arm-none-eabi/10.3.1/../../../../arm-none-eabi/lib/thumb/v7e-m+fp/hard\libc_nano.a
END GROUP
START GROUP
LOAD c:/st/stm32cubeide_1.9.0/stm32cubeide/plugins/com.st.stm32cube.ide.mcu.externaltools.gnu-tools-for-stm32.10.3-2021.10.win32_1.0.0.202111181127/tools/bin/../lib/gcc/arm-none-eabi/10.3.1/thumb/v7e-m+fp/hard\libgcc.a
LOAD c:/st/stm32cubeide_1.9.0/stm32cubeide/plugins/com.st.stm32cube.ide.mcu.externaltools.gnu-tools-for-stm32.10.3-2021.10.win32_1.0.0.202111181127/tools/bin/../lib/gcc/arm-none-eabi/10.3.1/../../../../arm-none-eabi/lib/thumb/v7e-m+fp/hard\libc_nano.a
LOAD c:/st/stm32cubeide_1.9.0/stm32cubeide/plugins/com.st.stm32cube.ide.mcu.externaltools.gnu-tools-for-stm32.10.3-2021.10.win32_1.0.0.202111181127/tools/bin/../lib/gcc/arm-none-eabi/10.3.1/../../../../arm-none-eabi/lib/thumb/v7e-m+fp/hard\libnosys.a
END GROUP
START GROUP
LOAD c:/st/stm32cubeide_1.9.0/stm32cubeide/plugins/com.st.stm32cube.ide.mcu.externaltools.gnu-tools-for-stm32.10.3-2021.10.win32_1.0.0.202111181127/tools/bin/../lib/gcc/arm-none-eabi/10.3.1/thumb/v7e-m+fp/hard\libgcc.a
LOAD c:/st/stm32cubeide_1.9.0/stm32cubeide/plugins/com.st.stm32cube.ide.mcu.externaltools.gnu-tools-for-stm32.10.3-2021.10.win32_1.0.0.202111181127/tools/bin/../lib/gcc/arm-none-eabi/10.3.1/../../../../arm-none-eabi/lib/thumb/v7e-m+fp/hard\libc_nano.a
LOAD c:/st/stm32cubeide_1.9.0/stm32cubeide/plugins/com.st.stm32cube.ide.mcu.externaltools.gnu-tools-for-stm32.10.3-2021.10.win32_1.0.0.202111181127/tools/bin/../lib/gcc/arm-none-eabi/10.3.1/../../../../arm-none-eabi/lib/thumb/v7e-m+fp/hard\libnosys.a
END GROUP
LOAD c:/st/stm32cubeide_1.9.0/stm32cubeide/plugins/com.st.stm32cube.ide.mcu.externaltools.gnu-tools-for-stm32.10.3-2021.10.win32_1.0.0.202111181127/tools/bin/../lib/gcc/arm-none-eabi/10.3.1/thumb/v7e-m+fp/hard/crtend.o
LOAD c:/st/stm32cubeide_1.9.0/stm32cubeide/plugins/com.st.stm32cube.ide.mcu.externaltools.gnu-tools-for-stm32.10.3-2021.10.win32_1.0.0.202111181127/tools/bin/../lib/gcc/arm-none-eabi/10.3.1/thumb/v7e-m+fp/hard/crtn.o
                0x0000000020030000                _estack = (ORIGIN (RAM) + LENGTH (RAM))
                0x0000000000000200                _Min_Heap_Size = 0x200
                0x0000000000000400                _Min_Stack_Size = 0x400

.isr_vector     0x0000000008000000      0x1ac
                0x0000000008000000                . = ALIGN (0x4)
 *(.isr_vector)
 .isr_vector    0x0000000008000000      0x1ac ./Core/Startup/startup_stm32f429zitx.o
                0x0000000008000000                g_pfnVectors
                0x00000000080001ac                . = ALIGN (0x4)

.text           0x00000000080001b0     0x4f44
                0x00000000080001b0                . = ALIGN (0x4)
 *(.text)
 .text          0x00000000080001b0       0x40 c:/st/stm32cubeide_1.9.0/stm32cubeide/plugins/com.st.stm32cube.ide.mcu.externaltools.gnu-tools-for-stm32.10.3-2021.10.win32_1.0.0.202111181127/tools/bin/../lib/gcc/arm-none-eabi/10.3.1/thumb/v7e-m+fp/hard/crtbegin.o
 .text          0x00000000080001f0      0x378 c:/st/stm32cubeide_1.9.0/stm32cubeide/plugins/com.st.stm32cube.ide.mcu.externaltools.gnu-tools-for-stm32.10.3-2021.10.win32_1.0.0.202111181127/tools/bin/../lib/gcc/arm-none-eabi/10.3.1/thumb/v7e-m+fp/hard\libgcc.a(_arm_addsubdf3.o)
                0x00000000080001f0                __aeabi_drsub
                0x00000000080001f8                __aeabi_dsub
                0x00000000080001f8                __subdf3
                0x00000000080001fc                __aeabi_dadd
                0x00000000080001fc                __adddf3
                0x0000000008000474                __floatunsidf
                0x0000000008000474                __aeabi_ui2d
                0x0000000008000494                __floatsidf
                0x0000000008000494                __aeabi_i2d
                0x00000000080004b8                __aeabi_f2d
                0x00000000080004b8                __extendsfdf2
                0x00000000080004fc                __floatundidf
                0x00000000080004fc                __aeabi_ul2d
                0x000000000800050c                __floatdidf
                0x000000000800050c                __aeabi_l2d
 .text          0x0000000008000568      0x424 c:/st/stm32cubeide_1.9.0/stm32cubeide/plugins/com.st.stm32cube.ide.mcu.externaltools.gnu-tools-for-stm32.10.3-2021.10.win32_1.0.0.202111181127/tools/bin/../lib/gcc/arm-none-eabi/10.3.1/thumb/v7e-m+fp/hard\libgcc.a(_arm_muldivdf3.o)
                0x0000000008000568                __aeabi_dmul
                0x0000000008000568                __muldf3
                0x00000000080007bc                __divdf3
                0x00000000080007bc                __aeabi_ddiv
 .text          0x000000000800098c      0x110 c:/st/stm32cubeide_1.9.0/stm32cubeide/plugins/com.st.stm32cube.ide.mcu.externaltools.gnu-tools-for-stm32.10.3-2021.10.win32_1.0.0.202111181127/tools/bin/../lib/gcc/arm-none-eabi/10.3.1/thumb/v7e-m+fp/hard\libgcc.a(_arm_cmpdf2.o)
                0x000000000800098c                __gtdf2
                0x000000000800098c                __gedf2
                0x0000000008000994                __ltdf2
                0x0000000008000994                __ledf2
                0x000000000800099c                __nedf2
                0x000000000800099c                __eqdf2
                0x000000000800099c                __cmpdf2
                0x0000000008000a18                __aeabi_cdrcmple
                0x0000000008000a28                __aeabi_cdcmpeq
                0x0000000008000a28                __aeabi_cdcmple
                0x0000000008000a38                __aeabi_dcmpeq
                0x0000000008000a4c                __aeabi_dcmplt
                0x0000000008000a60                __aeabi_dcmple
                0x0000000008000a74                __aeabi_dcmpge
                0x0000000008000a88                __aeabi_dcmpgt
 .text          0x0000000008000a9c       0x40 c:/st/stm32cubeide_1.9.0/stm32cubeide/plugins/com.st.stm32cube.ide.mcu.externaltools.gnu-tools-for-stm32.10.3-2021.10.win32_1.0.0.202111181127/tools/bin/../lib/gcc/arm-none-eabi/10.3.1/thumb/v7e-m+fp/hard\libgcc.a(_arm_fixunsdfsi.o)
                0x0000000008000a9c                __aeabi_d2uiz
                0x0000000008000a9c                __fixunsdfsi
 .text          0x0000000008000adc       0x30 c:/st/stm32cubeide_1.9.0/stm32cubeide/plugins/com.st.stm32cube.ide.mcu.externaltools.gnu-tools-for-stm32.10.3-2021.10.win32_1.0.0.202111181127/tools/bin/../lib/gcc/arm-none-eabi/10.3.1/thumb/v7e-m+fp/hard\libgcc.a(_aeabi_uldivmod.o)
                0x0000000008000adc                __aeabi_uldivmod
 .text          0x0000000008000b0c      0x2d0 c:/st/stm32cubeide_1.9.0/stm32cubeide/plugins/com.st.stm32cube.ide.mcu.externaltools.gnu-tools-for-stm32.10.3-2021.10.win32_1.0.0.202111181127/tools/bin/../lib/gcc/arm-none-eabi/10.3.1/thumb/v7e-m+fp/hard\libgcc.a(_udivmoddi4.o)
                0x0000000008000b0c                __udivmoddi4
 .text          0x0000000008000ddc        0x4 c:/st/stm32cubeide_1.9.0/stm32cubeide/plugins/com.st.stm32cube.ide.mcu.externaltools.gnu-tools-for-stm32.10.3-2021.10.win32_1.0.0.202111181127/tools/bin/../lib/gcc/arm-none-eabi/10.3.1/thumb/v7e-m+fp/hard\libgcc.a(_dvmd_tls.o)
                0x0000000008000ddc                __aeabi_idiv0
                0x0000000008000ddc                __aeabi_ldiv0
 *(.text*)
 .text.main     0x0000000008000de0      0x4a0 ./Core/Src/main.o
                0x0000000008000de0                main
 .text.SystemClock_Config
                0x0000000008001280       0xd8 ./Core/Src/main.o
                0x0000000008001280                SystemClock_Config
 .text.MX_SPI1_Init
                0x0000000008001358       0x6c ./Core/Src/main.o
 .text.MX_USART1_UART_Init
                0x00000000080013c4       0x54 ./Core/Src/main.o
 .text.MX_GPIO_Init
                0x0000000008001418      0x114 ./Core/Src/main.o
 .text.Error_Handler
                0x000000000800152c        0xe ./Core/Src/main.o
                0x000000000800152c                Error_Handler
 *fill*         0x000000000800153a        0x2 
 .text.HAL_MspInit
                0x000000000800153c       0x50 ./Core/Src/stm32f4xx_hal_msp.o
                0x000000000800153c                HAL_MspInit
 .text.HAL_SPI_MspInit
                0x000000000800158c       0x90 ./Core/Src/stm32f4xx_hal_msp.o
                0x000000000800158c                HAL_SPI_MspInit
 .text.HAL_UART_MspInit
                0x000000000800161c       0x90 ./Core/Src/stm32f4xx_hal_msp.o
                0x000000000800161c                HAL_UART_MspInit
 .text.NMI_Handler
                0x00000000080016ac        0x6 ./Core/Src/stm32f4xx_it.o
                0x00000000080016ac                NMI_Handler
 .text.HardFault_Handler
                0x00000000080016b2        0x6 ./Core/Src/stm32f4xx_it.o
                0x00000000080016b2                HardFault_Handler
 .text.MemManage_Handler
                0x00000000080016b8        0x6 ./Core/Src/stm32f4xx_it.o
                0x00000000080016b8                MemManage_Handler
 .text.BusFault_Handler
                0x00000000080016be        0x6 ./Core/Src/stm32f4xx_it.o
                0x00000000080016be                BusFault_Handler
 .text.UsageFault_Handler
                0x00000000080016c4        0x6 ./Core/Src/stm32f4xx_it.o
                0x00000000080016c4                UsageFault_Handler
 .text.SVC_Handler
                0x00000000080016ca        0xe ./Core/Src/stm32f4xx_it.o
                0x00000000080016ca                SVC_Handler
 .text.DebugMon_Handler
                0x00000000080016d8        0xe ./Core/Src/stm32f4xx_it.o
                0x00000000080016d8                DebugMon_Handler
 .text.PendSV_Handler
                0x00000000080016e6        0xe ./Core/Src/stm32f4xx_it.o
                0x00000000080016e6                PendSV_Handler
 .text.SysTick_Handler
                0x00000000080016f4        0xc ./Core/Src/stm32f4xx_it.o
                0x00000000080016f4                SysTick_Handler
 .text.SystemInit
                0x0000000008001700       0x24 ./Core/Src/system_stm32f4xx.o
                0x0000000008001700                SystemInit
 .text.Reset_Handler
                0x0000000008001724       0x50 ./Core/Startup/startup_stm32f429zitx.o
                0x0000000008001724                Reset_Handler
 .text.Default_Handler
                0x0000000008001774        0x2 ./Core/Startup/startup_stm32f429zitx.o
                0x0000000008001774                RTC_Alarm_IRQHandler
                0x0000000008001774                HASH_RNG_IRQHandler
                0x0000000008001774                EXTI2_IRQHandler
                0x0000000008001774                TIM8_CC_IRQHandler
                0x0000000008001774                UART8_IRQHandler
                0x0000000008001774                SPI4_IRQHandler
                0x0000000008001774                TIM1_CC_IRQHandler
                0x0000000008001774                DMA2_Stream5_IRQHandler
                0x0000000008001774                DMA1_Stream5_IRQHandler
                0x0000000008001774                PVD_IRQHandler
                0x0000000008001774                SDIO_IRQHandler
                0x0000000008001774                TAMP_STAMP_IRQHandler
                0x0000000008001774                CAN2_RX1_IRQHandler
                0x0000000008001774                EXTI3_IRQHandler
                0x0000000008001774                TIM8_TRG_COM_TIM14_IRQHandler
                0x0000000008001774                TIM1_UP_TIM10_IRQHandler
                0x0000000008001774                TIM8_UP_TIM13_IRQHandler
                0x0000000008001774                I2C3_ER_IRQHandler
                0x0000000008001774                EXTI0_IRQHandler
                0x0000000008001774                I2C2_EV_IRQHandler
                0x0000000008001774                DMA1_Stream2_IRQHandler
                0x0000000008001774                CAN1_RX0_IRQHandler
                0x0000000008001774                FPU_IRQHandler
                0x0000000008001774                OTG_HS_WKUP_IRQHandler
                0x0000000008001774                LTDC_ER_IRQHandler
                0x0000000008001774                CAN2_SCE_IRQHandler
                0x0000000008001774                DMA2_Stream2_IRQHandler
                0x0000000008001774                SPI1_IRQHandler
                0x0000000008001774                TIM6_DAC_IRQHandler
                0x0000000008001774                TIM1_BRK_TIM9_IRQHandler
                0x0000000008001774                DCMI_IRQHandler
                0x0000000008001774                CAN2_RX0_IRQHandler
                0x0000000008001774                DMA2_Stream3_IRQHandler
                0x0000000008001774                USART6_IRQHandler
                0x0000000008001774                USART3_IRQHandler
                0x0000000008001774                CAN1_RX1_IRQHandler
                0x0000000008001774                UART5_IRQHandler
                0x0000000008001774                DMA2_Stream0_IRQHandler
                0x0000000008001774                TIM4_IRQHandler
                0x0000000008001774                I2C1_EV_IRQHandler
                0x0000000008001774                DMA1_Stream6_IRQHandler
                0x0000000008001774                DMA1_Stream1_IRQHandler
                0x0000000008001774                UART4_IRQHandler
                0x0000000008001774                TIM3_IRQHandler
                0x0000000008001774                RCC_IRQHandler
                0x0000000008001774                TIM8_BRK_TIM12_IRQHandler
                0x0000000008001774                Default_Handler
                0x0000000008001774                EXTI15_10_IRQHandler
                0x0000000008001774                ADC_IRQHandler
                0x0000000008001774                DMA1_Stream7_IRQHandler
                0x0000000008001774                SPI5_IRQHandler
                0x0000000008001774                TIM7_IRQHandler
                0x0000000008001774                CAN2_TX_IRQHandler
                0x0000000008001774                TIM5_IRQHandler
                0x0000000008001774                DMA2_Stream7_IRQHandler
                0x0000000008001774                I2C3_EV_IRQHandler
                0x0000000008001774                EXTI9_5_IRQHandler
                0x0000000008001774                RTC_WKUP_IRQHandler
                0x0000000008001774                LTDC_IRQHandler
                0x0000000008001774                ETH_WKUP_IRQHandler
                0x0000000008001774                SPI2_IRQHandler
                0x0000000008001774                OTG_HS_EP1_IN_IRQHandler
                0x0000000008001774                DMA1_Stream0_IRQHandler
                0x0000000008001774                CAN1_TX_IRQHandler
                0x0000000008001774                EXTI4_IRQHandler
                0x0000000008001774                ETH_IRQHandler
                0x0000000008001774                OTG_HS_EP1_OUT_IRQHandler
                0x0000000008001774                WWDG_IRQHandler
                0x0000000008001774                SPI6_IRQHandler
                0x0000000008001774                TIM2_IRQHandler
                0x0000000008001774                OTG_FS_WKUP_IRQHandler
                0x0000000008001774                TIM1_TRG_COM_TIM11_IRQHandler
                0x0000000008001774                OTG_HS_IRQHandler
                0x0000000008001774                DMA2D_IRQHandler
                0x0000000008001774                EXTI1_IRQHandler
                0x0000000008001774                UART7_IRQHandler
                0x0000000008001774                USART2_IRQHandler
                0x0000000008001774                I2C2_ER_IRQHandler
                0x0000000008001774                DMA2_Stream1_IRQHandler
                0x0000000008001774                CAN1_SCE_IRQHandler
                0x0000000008001774                FLASH_IRQHandler
                0x0000000008001774                DMA2_Stream4_IRQHandler
                0x0000000008001774                USART1_IRQHandler
                0x0000000008001774                OTG_FS_IRQHandler
                0x0000000008001774                SPI3_IRQHandler
                0x0000000008001774                DMA1_Stream4_IRQHandler
                0x0000000008001774                I2C1_ER_IRQHandler
                0x0000000008001774                FMC_IRQHandler
                0x0000000008001774                DMA2_Stream6_IRQHandler
                0x0000000008001774                SAI1_IRQHandler
                0x0000000008001774                DMA1_Stream3_IRQHandler
 .text.LMX2594_COM_WriteDigit
                0x0000000008001776       0x3e ./Drivers/LMX2594/Src/lmx2594_com_control.o
                0x0000000008001776                LMX2594_COM_WriteDigit
 .text.LMX2594_COM_WriteDouble
                0x00000000080017b4       0x3e ./Drivers/LMX2594/Src/lmx2594_com_control.o
                0x00000000080017b4                LMX2594_COM_WriteDouble
 .text.LMX2594_COM_ReadDigit
                0x00000000080017f2       0x4c ./Drivers/LMX2594/Src/lmx2594_com_control.o
                0x00000000080017f2                LMX2594_COM_ReadDigit
 .text.LMX2594_COM_ReadDouble
                0x000000000800183e       0x54 ./Drivers/LMX2594/Src/lmx2594_com_control.o
                0x000000000800183e                LMX2594_COM_ReadDouble
 .text.LMX2594_WriteParameter
                0x0000000008001892      0x1c8 ./Drivers/LMX2594/Src/lmx2594_parameters_control.o
                0x0000000008001892                LMX2594_WriteParameter
 .text.LMX2594_ReadParameter
                0x0000000008001a5a      0x13a ./Drivers/LMX2594/Src/lmx2594_parameters_control.o
                0x0000000008001a5a                LMX2594_ReadParameter
 .text.LMX2594_WriteRegister
                0x0000000008001b94       0x62 ./Drivers/LMX2594/Src/lmx2594_registers_control.o
                0x0000000008001b94                LMX2594_WriteRegister
 .text.LMX2594_ReadRegister
                0x0000000008001bf6       0x6c ./Drivers/LMX2594/Src/lmx2594_registers_control.o
                0x0000000008001bf6                LMX2594_ReadRegister
 *fill*         0x0000000008001c62        0x2 
 .text.LMX2594_CONTROL_OUTA_POWER
                0x0000000008001c64       0x34 ./Drivers/LMX2594/Src/lmx2594_synthesizer_control.o
                0x0000000008001c64                LMX2594_CONTROL_OUTA_POWER
 .text.LMX2594_CONTROL_OUTA_MUX
                0x0000000008001c98       0x2c ./Drivers/LMX2594/Src/lmx2594_synthesizer_control.o
                0x0000000008001c98                LMX2594_CONTROL_OUTA_MUX
 .text.LMX2594_CONTROL_OUTB_POWER
                0x0000000008001cc4       0x34 ./Drivers/LMX2594/Src/lmx2594_synthesizer_control.o
                0x0000000008001cc4                LMX2594_CONTROL_OUTB_POWER
 .text.LMX2594_CONTROL_OUTB_MUX
                0x0000000008001cf8       0x2c ./Drivers/LMX2594/Src/lmx2594_synthesizer_control.o
                0x0000000008001cf8                LMX2594_CONTROL_OUTB_MUX
 .text.LMX2594_CONTROL_MASH_ORDER
                0x0000000008001d24       0x2c ./Drivers/LMX2594/Src/lmx2594_synthesizer_control.o
                0x0000000008001d24                LMX2594_CONTROL_MASH_ORDER
 .text.LMX2594_CONTROL_CPG_VALUE
                0x0000000008001d50       0x38 ./Drivers/LMX2594/Src/lmx2594_synthesizer_control.o
                0x0000000008001d50                LMX2594_CONTROL_CPG_VALUE
 .text.LMX2594_CONTROL_DIVIDERS_AND_CALIBRATION
                0x0000000008001d88      0xa04 ./Drivers/LMX2594/Src/lmx2594_synthesizer_control.o
                0x0000000008001d88                LMX2594_CONTROL_DIVIDERS_AND_CALIBRATION
 .text.LMX2594_CONTROL_CHIP_POWER
                0x000000000800278c       0x58 ./Drivers/LMX2594/Src/lmx2594_synthesizer_control.o
                0x000000000800278c                LMX2594_CONTROL_CHIP_POWER
 .text.LMX2594_CONTROL_CHIP_RESET
                0x00000000080027e4       0x2c ./Drivers/LMX2594/Src/lmx2594_synthesizer_control.o
                0x00000000080027e4                LMX2594_CONTROL_CHIP_RESET
 .text.LMX2594_Init_Synthesizer
                0x0000000008002810       0x5c ./Drivers/LMX2594/Src/lmx2594_synthesizer_init.o
                0x0000000008002810                LMX2594_Init_Synthesizer
 *fill*         0x000000000800286c        0x4 
 .text.LMX2594_IN_PAIR_Init
                0x0000000008002870       0xcc ./Drivers/LMX2594_In_Pair/Src/lmx2594_in_pair.o
                0x0000000008002870                LMX2594_IN_PAIR_Init
 .text.LMX2594_IN_PAIR_Chip_Power
                0x000000000800293c       0x30 ./Drivers/LMX2594_In_Pair/Src/lmx2594_in_pair.o
                0x000000000800293c                LMX2594_IN_PAIR_Chip_Power
 *fill*         0x000000000800296c        0x4 
 .text.LMX2594_IN_PAIR_Out_Power
                0x0000000008002970       0xa0 ./Drivers/LMX2594_In_Pair/Src/lmx2594_in_pair.o
                0x0000000008002970                LMX2594_IN_PAIR_Out_Power
 .text.LMX2594_IN_PAIR_Set_Freq
                0x0000000008002a10      0x430 ./Drivers/LMX2594_In_Pair/Src/lmx2594_in_pair.o
                0x0000000008002a10                LMX2594_IN_PAIR_Set_Freq
 .text.HAL_Init
                0x0000000008002e40       0x44 ./Drivers/STM32F4xx_HAL_Driver/Src/stm32f4xx_hal.o
                0x0000000008002e40                HAL_Init
 .text.HAL_InitTick
                0x0000000008002e84       0x60 ./Drivers/STM32F4xx_HAL_Driver/Src/stm32f4xx_hal.o
                0x0000000008002e84                HAL_InitTick
 .text.HAL_IncTick
                0x0000000008002ee4       0x28 ./Drivers/STM32F4xx_HAL_Driver/Src/stm32f4xx_hal.o
                0x0000000008002ee4                HAL_IncTick
 .text.HAL_GetTick
                0x0000000008002f0c       0x18 ./Drivers/STM32F4xx_HAL_Driver/Src/stm32f4xx_hal.o
                0x0000000008002f0c                HAL_GetTick
 .text.__NVIC_SetPriorityGrouping
                0x0000000008002f24       0x48 ./Drivers/STM32F4xx_HAL_Driver/Src/stm32f4xx_hal_cortex.o
 .text.__NVIC_GetPriorityGrouping
                0x0000000008002f6c       0x1c ./Drivers/STM32F4xx_HAL_Driver/Src/stm32f4xx_hal_cortex.o
 .text.__NVIC_SetPriority
                0x0000000008002f88       0x54 ./Drivers/STM32F4xx_HAL_Driver/Src/stm32f4xx_hal_cortex.o
 .text.NVIC_EncodePriority
                0x0000000008002fdc       0x66 ./Drivers/STM32F4xx_HAL_Driver/Src/stm32f4xx_hal_cortex.o
 *fill*         0x0000000008003042        0x2 
 .text.SysTick_Config
                0x0000000008003044       0x44 ./Drivers/STM32F4xx_HAL_Driver/Src/stm32f4xx_hal_cortex.o
 .text.HAL_NVIC_SetPriorityGrouping
                0x0000000008003088       0x16 ./Drivers/STM32F4xx_HAL_Driver/Src/stm32f4xx_hal_cortex.o
                0x0000000008003088                HAL_NVIC_SetPriorityGrouping
 .text.HAL_NVIC_SetPriority
                0x000000000800309e       0x38 ./Drivers/STM32F4xx_HAL_Driver/Src/stm32f4xx_hal_cortex.o
                0x000000000800309e                HAL_NVIC_SetPriority
 .text.HAL_SYSTICK_Config
                0x00000000080030d6       0x18 ./Drivers/STM32F4xx_HAL_Driver/Src/stm32f4xx_hal_cortex.o
                0x00000000080030d6                HAL_SYSTICK_Config
 *fill*         0x00000000080030ee        0x2 
 .text.HAL_GPIO_Init
                0x00000000080030f0      0x358 ./Drivers/STM32F4xx_HAL_Driver/Src/stm32f4xx_hal_gpio.o
                0x00000000080030f0                HAL_GPIO_Init
 .text.HAL_GPIO_WritePin
                0x0000000008003448       0x32 ./Drivers/STM32F4xx_HAL_Driver/Src/stm32f4xx_hal_gpio.o
                0x0000000008003448                HAL_GPIO_WritePin
 *fill*         0x000000000800347a        0x2 
 .text.HAL_RCC_OscConfig
                0x000000000800347c      0x4f0 ./Drivers/STM32F4xx_HAL_Driver/Src/stm32f4xx_hal_rcc.o
                0x000000000800347c                HAL_RCC_OscConfig
 .text.HAL_RCC_ClockConfig
                0x000000000800396c      0x1cc ./Drivers/STM32F4xx_HAL_Driver/Src/stm32f4xx_hal_rcc.o
                0x000000000800396c                HAL_RCC_ClockConfig
 .text.HAL_RCC_GetSysClockFreq
                0x0000000008003b38      0x20c ./Drivers/STM32F4xx_HAL_Driver/Src/stm32f4xx_hal_rcc.o
                0x0000000008003b38                HAL_RCC_GetSysClockFreq
 .text.HAL_RCC_GetHCLKFreq
                0x0000000008003d44       0x18 ./Drivers/STM32F4xx_HAL_Driver/Src/stm32f4xx_hal_rcc.o
                0x0000000008003d44                HAL_RCC_GetHCLKFreq
 .text.HAL_RCC_GetPCLK1Freq
                0x0000000008003d5c       0x28 ./Drivers/STM32F4xx_HAL_Driver/Src/stm32f4xx_hal_rcc.o
                0x0000000008003d5c                HAL_RCC_GetPCLK1Freq
 .text.HAL_RCC_GetPCLK2Freq
                0x0000000008003d84       0x28 ./Drivers/STM32F4xx_HAL_Driver/Src/stm32f4xx_hal_rcc.o
                0x0000000008003d84                HAL_RCC_GetPCLK2Freq
 .text.HAL_SPI_Init
                0x0000000008003dac      0x112 ./Drivers/STM32F4xx_HAL_Driver/Src/stm32f4xx_hal_spi.o
                0x0000000008003dac                HAL_SPI_Init
 .text.HAL_SPI_Transmit
                0x0000000008003ebe      0x278 ./Drivers/STM32F4xx_HAL_Driver/Src/stm32f4xx_hal_spi.o
                0x0000000008003ebe                HAL_SPI_Transmit
 .text.HAL_SPI_TransmitReceive
                0x0000000008004136      0x344 ./Drivers/STM32F4xx_HAL_Driver/Src/stm32f4xx_hal_spi.o
                0x0000000008004136                HAL_SPI_TransmitReceive
 *fill*         0x000000000800447a        0x2 
 .text.SPI_WaitFlagStateUntilTimeout
                0x000000000800447c      0x110 ./Drivers/STM32F4xx_HAL_Driver/Src/stm32f4xx_hal_spi.o
 .text.SPI_EndRxTxTransaction
                0x000000000800458c       0x84 ./Drivers/STM32F4xx_HAL_Driver/Src/stm32f4xx_hal_spi.o
 .text.HAL_UART_Init
                0x0000000008004610       0x9a ./Drivers/STM32F4xx_HAL_Driver/Src/stm32f4xx_hal_uart.o
                0x0000000008004610                HAL_UART_Init
 .text.HAL_UART_Transmit
                0x00000000080046aa      0x124 ./Drivers/STM32F4xx_HAL_Driver/Src/stm32f4xx_hal_uart.o
                0x00000000080046aa                HAL_UART_Transmit
 .text.HAL_UART_Receive
                0x00000000080047ce      0x144 ./Drivers/STM32F4xx_HAL_Driver/Src/stm32f4xx_hal_uart.o
                0x00000000080047ce                HAL_UART_Receive
 .text.UART_WaitOnFlagUntilTimeout
                0x0000000008004912       0xdc ./Drivers/STM32F4xx_HAL_Driver/Src/stm32f4xx_hal_uart.o
 *fill*         0x00000000080049ee        0x2 
 .text.UART_SetConfig
                0x00000000080049f0      0x4e8 ./Drivers/STM32F4xx_HAL_Driver/Src/stm32f4xx_hal_uart.o
 .text.__libc_init_array
                0x0000000008004ed8       0x48 c:/st/stm32cubeide_1.9.0/stm32cubeide/plugins/com.st.stm32cube.ide.mcu.externaltools.gnu-tools-for-stm32.10.3-2021.10.win32_1.0.0.202111181127/tools/bin/../lib/gcc/arm-none-eabi/10.3.1/../../../../arm-none-eabi/lib/thumb/v7e-m+fp/hard\libc_nano.a(lib_a-init.o)
                0x0000000008004ed8                __libc_init_array
 .text.memcpy   0x0000000008004f20       0x1c c:/st/stm32cubeide_1.9.0/stm32cubeide/plugins/com.st.stm32cube.ide.mcu.externaltools.gnu-tools-for-stm32.10.3-2021.10.win32_1.0.0.202111181127/tools/bin/../lib/gcc/arm-none-eabi/10.3.1/../../../../arm-none-eabi/lib/thumb/v7e-m+fp/hard\libc_nano.a(lib_a-memcpy-stub.o)
                0x0000000008004f20                memcpy
 .text.memset   0x0000000008004f3c       0x10 c:/st/stm32cubeide_1.9.0/stm32cubeide/plugins/com.st.stm32cube.ide.mcu.externaltools.gnu-tools-for-stm32.10.3-2021.10.win32_1.0.0.202111181127/tools/bin/../lib/gcc/arm-none-eabi/10.3.1/../../../../arm-none-eabi/lib/thumb/v7e-m+fp/hard\libc_nano.a(lib_a-memset.o)
                0x0000000008004f3c                memset
 *fill*         0x0000000008004f4c        0x4 
 .text.floor    0x0000000008004f50      0x100 c:/st/stm32cubeide_1.9.0/stm32cubeide/plugins/com.st.stm32cube.ide.mcu.externaltools.gnu-tools-for-stm32.10.3-2021.10.win32_1.0.0.202111181127/tools/bin/../lib/gcc/arm-none-eabi/10.3.1/../../../../arm-none-eabi/lib/thumb/v7e-m+fp/hard\libm.a(lib_a-s_floor.o)
                0x0000000008004f50                floor
 .text.round    0x0000000008005050       0x8c c:/st/stm32cubeide_1.9.0/stm32cubeide/plugins/com.st.stm32cube.ide.mcu.externaltools.gnu-tools-for-stm32.10.3-2021.10.win32_1.0.0.202111181127/tools/bin/../lib/gcc/arm-none-eabi/10.3.1/../../../../arm-none-eabi/lib/thumb/v7e-m+fp/hard\libm.a(lib_a-s_round.o)
                0x0000000008005050                round
 *(.glue_7)
 .glue_7        0x00000000080050dc        0x0 linker stubs
 *(.glue_7t)
 .glue_7t       0x00000000080050dc        0x0 linker stubs
 *(.eh_frame)
 .eh_frame      0x00000000080050dc        0x0 c:/st/stm32cubeide_1.9.0/stm32cubeide/plugins/com.st.stm32cube.ide.mcu.externaltools.gnu-tools-for-stm32.10.3-2021.10.win32_1.0.0.202111181127/tools/bin/../lib/gcc/arm-none-eabi/10.3.1/thumb/v7e-m+fp/hard/crtbegin.o
 *(.init)
 .init          0x00000000080050dc        0x4 c:/st/stm32cubeide_1.9.0/stm32cubeide/plugins/com.st.stm32cube.ide.mcu.externaltools.gnu-tools-for-stm32.10.3-2021.10.win32_1.0.0.202111181127/tools/bin/../lib/gcc/arm-none-eabi/10.3.1/thumb/v7e-m+fp/hard/crti.o
                0x00000000080050dc                _init
 .init          0x00000000080050e0        0x8 c:/st/stm32cubeide_1.9.0/stm32cubeide/plugins/com.st.stm32cube.ide.mcu.externaltools.gnu-tools-for-stm32.10.3-2021.10.win32_1.0.0.202111181127/tools/bin/../lib/gcc/arm-none-eabi/10.3.1/thumb/v7e-m+fp/hard/crtn.o
 *(.fini)
 .fini          0x00000000080050e8        0x4 c:/st/stm32cubeide_1.9.0/stm32cubeide/plugins/com.st.stm32cube.ide.mcu.externaltools.gnu-tools-for-stm32.10.3-2021.10.win32_1.0.0.202111181127/tools/bin/../lib/gcc/arm-none-eabi/10.3.1/thumb/v7e-m+fp/hard/crti.o
                0x00000000080050e8                _fini
 .fini          0x00000000080050ec        0x8 c:/st/stm32cubeide_1.9.0/stm32cubeide/plugins/com.st.stm32cube.ide.mcu.externaltools.gnu-tools-for-stm32.10.3-2021.10.win32_1.0.0.202111181127/tools/bin/../lib/gcc/arm-none-eabi/10.3.1/thumb/v7e-m+fp/hard/crtn.o
                0x00000000080050f4                . = ALIGN (0x4)
                0x00000000080050f4                _etext = .

.vfp11_veneer   0x00000000080050f4        0x0
 .vfp11_veneer  0x00000000080050f4        0x0 linker stubs

.v4_bx          0x00000000080050f4        0x0
 .v4_bx         0x00000000080050f4        0x0 linker stubs

.iplt           0x00000000080050f4        0x0
 .iplt          0x00000000080050f4        0x0 c:/st/stm32cubeide_1.9.0/stm32cubeide/plugins/com.st.stm32cube.ide.mcu.externaltools.gnu-tools-for-stm32.10.3-2021.10.win32_1.0.0.202111181127/tools/bin/../lib/gcc/arm-none-eabi/10.3.1/thumb/v7e-m+fp/hard/crtbegin.o

.rodata         0x00000000080050f4       0x40
                0x00000000080050f4                . = ALIGN (0x4)
 *(.rodata)
 .rodata        0x00000000080050f4       0x26 ./Drivers/LMX2594/Src/lmx2594_synthesizer_control.o
 *(.rodata*)
 *fill*         0x000000000800511a        0x2 
 .rodata.AHBPrescTable
                0x000000000800511c       0x10 ./Core/Src/system_stm32f4xx.o
                0x000000000800511c                AHBPrescTable
 .rodata.APBPrescTable
                0x000000000800512c        0x8 ./Core/Src/system_stm32f4xx.o
                0x000000000800512c                APBPrescTable
                0x0000000008005134                . = ALIGN (0x4)

.ARM.extab      0x0000000008005134        0x0
                0x0000000008005134                . = ALIGN (0x4)
 *(.ARM.extab* .gnu.linkonce.armextab.*)
                0x0000000008005134                . = ALIGN (0x4)

.ARM            0x0000000008005134        0x8
                0x0000000008005134                . = ALIGN (0x4)
                0x0000000008005134                __exidx_start = .
 *(.ARM.exidx*)
 .ARM.exidx     0x0000000008005134        0x8 c:/st/stm32cubeide_1.9.0/stm32cubeide/plugins/com.st.stm32cube.ide.mcu.externaltools.gnu-tools-for-stm32.10.3-2021.10.win32_1.0.0.202111181127/tools/bin/../lib/gcc/arm-none-eabi/10.3.1/thumb/v7e-m+fp/hard\libgcc.a(_udivmoddi4.o)
                0x000000000800513c                __exidx_end = .
                0x000000000800513c                . = ALIGN (0x4)

.rel.dyn        0x000000000800513c        0x0
 .rel.iplt      0x000000000800513c        0x0 c:/st/stm32cubeide_1.9.0/stm32cubeide/plugins/com.st.stm32cube.ide.mcu.externaltools.gnu-tools-for-stm32.10.3-2021.10.win32_1.0.0.202111181127/tools/bin/../lib/gcc/arm-none-eabi/10.3.1/thumb/v7e-m+fp/hard/crtbegin.o

.preinit_array  0x000000000800513c        0x0
                0x000000000800513c                . = ALIGN (0x4)
                0x000000000800513c                PROVIDE (__preinit_array_start = .)
 *(.preinit_array*)
                0x000000000800513c                PROVIDE (__preinit_array_end = .)
                0x000000000800513c                . = ALIGN (0x4)

.init_array     0x000000000800513c        0x4
                0x000000000800513c                . = ALIGN (0x4)
                0x000000000800513c                PROVIDE (__init_array_start = .)
 *(SORT_BY_NAME(.init_array.*))
 *(.init_array*)
 .init_array    0x000000000800513c        0x4 c:/st/stm32cubeide_1.9.0/stm32cubeide/plugins/com.st.stm32cube.ide.mcu.externaltools.gnu-tools-for-stm32.10.3-2021.10.win32_1.0.0.202111181127/tools/bin/../lib/gcc/arm-none-eabi/10.3.1/thumb/v7e-m+fp/hard/crtbegin.o
                0x0000000008005140                PROVIDE (__init_array_end = .)
                0x0000000008005140                . = ALIGN (0x4)

.fini_array     0x0000000008005140        0x4
                0x0000000008005140                . = ALIGN (0x4)
                [!provide]                        PROVIDE (__fini_array_start = .)
 *(SORT_BY_NAME(.fini_array.*))
 *(.fini_array*)
 .fini_array    0x0000000008005140        0x4 c:/st/stm32cubeide_1.9.0/stm32cubeide/plugins/com.st.stm32cube.ide.mcu.externaltools.gnu-tools-for-stm32.10.3-2021.10.win32_1.0.0.202111181127/tools/bin/../lib/gcc/arm-none-eabi/10.3.1/thumb/v7e-m+fp/hard/crtbegin.o
                [!provide]                        PROVIDE (__fini_array_end = .)
                0x0000000008005144                . = ALIGN (0x4)
                0x0000000008005144                _sidata = LOADADDR (.data)

.data           0x0000000020000000       0xf0 load address 0x0000000008005144
                0x0000000020000000                . = ALIGN (0x4)
                0x0000000020000000                _sdata = .
 *(.data)
 *(.data*)
 .data.SystemCoreClock
                0x0000000020000000        0x4 ./Core/Src/system_stm32f4xx.o
                0x0000000020000000                SystemCoreClock
 .data.LMX2594_FCAL_EN
                0x0000000020000004        0x9 ./Drivers/LMX2594/Src/lmx2594_parameters.o
                0x0000000020000004                LMX2594_FCAL_EN
 *fill*         0x000000002000000d        0x3 
 .data.LMX2594_POWERDOWN
                0x0000000020000010        0x9 ./Drivers/LMX2594/Src/lmx2594_parameters.o
                0x0000000020000010                LMX2594_POWERDOWN
 *fill*         0x0000000020000019        0x3 
 .data.LMX2594_CAL_CLK_DIV
                0x000000002000001c        0x9 ./Drivers/LMX2594/Src/lmx2594_parameters.o
                0x000000002000001c                LMX2594_CAL_CLK_DIV
 *fill*         0x0000000020000025        0x3 
 .data.LMX2594_CPG
                0x0000000020000028        0x9 ./Drivers/LMX2594/Src/lmx2594_parameters.o
                0x0000000020000028                LMX2594_CPG
 *fill*         0x0000000020000031        0x3 
 .data.LMX2594_VCO_DACISET_STRT
                0x0000000020000034        0x9 ./Drivers/LMX2594/Src/lmx2594_parameters.o
                0x0000000020000034                LMX2594_VCO_DACISET_STRT
 *fill*         0x000000002000003d        0x3 
 .data.LMX2594_VCO_SEL
                0x0000000020000040        0x9 ./Drivers/LMX2594/Src/lmx2594_parameters.o
                0x0000000020000040                LMX2594_VCO_SEL
 *fill*         0x0000000020000049        0x3 
 .data.LMX2594_PLL_N
                0x000000002000004c        0x9 ./Drivers/LMX2594/Src/lmx2594_parameters.o
                0x000000002000004c                LMX2594_PLL_N
 *fill*         0x0000000020000055        0x3 
 .data.LMX2594_PFD_DLY_SEL
                0x0000000020000058        0x9 ./Drivers/LMX2594/Src/lmx2594_parameters.o
                0x0000000020000058                LMX2594_PFD_DLY_SEL
 *fill*         0x0000000020000061        0x3 
 .data.LMX2594_PLL_DEN
                0x0000000020000064        0x9 ./Drivers/LMX2594/Src/lmx2594_parameters.o
                0x0000000020000064                LMX2594_PLL_DEN
 *fill*         0x000000002000006d        0x3 
 .data.LMX2594_PLL_NUM
                0x0000000020000070        0x9 ./Drivers/LMX2594/Src/lmx2594_parameters.o
                0x0000000020000070                LMX2594_PLL_NUM
 *fill*         0x0000000020000079        0x3 
 .data.LMX2594_OUTB_PD
                0x000000002000007c        0x9 ./Drivers/LMX2594/Src/lmx2594_parameters.o
                0x000000002000007c                LMX2594_OUTB_PD
 *fill*         0x0000000020000085        0x3 
 .data.LMX2594_OUTA_PD
                0x0000000020000088        0x9 ./Drivers/LMX2594/Src/lmx2594_parameters.o
                0x0000000020000088                LMX2594_OUTA_PD
 *fill*         0x0000000020000091        0x3 
 .data.LMX2594_MASH_ORDER
                0x0000000020000094        0x9 ./Drivers/LMX2594/Src/lmx2594_parameters.o
                0x0000000020000094                LMX2594_MASH_ORDER
 *fill*         0x000000002000009d        0x3 
 .data.LMX2594_OUTA_MUX
                0x00000000200000a0        0x9 ./Drivers/LMX2594/Src/lmx2594_parameters.o
                0x00000000200000a0                LMX2594_OUTA_MUX
 *fill*         0x00000000200000a9        0x3 
 .data.LMX2594_OUTB_MUX
                0x00000000200000ac        0x9 ./Drivers/LMX2594/Src/lmx2594_parameters.o
                0x00000000200000ac                LMX2594_OUTB_MUX
 *fill*         0x00000000200000b5        0x3 
 .data.LMX2594_SEG1_EN
                0x00000000200000b8        0x9 ./Drivers/LMX2594/Src/lmx2594_parameters.o
                0x00000000200000b8                LMX2594_SEG1_EN
 *fill*         0x00000000200000c1        0x3 
 .data.LMX2594_CHDIV
                0x00000000200000c4        0x9 ./Drivers/LMX2594/Src/lmx2594_parameters.o
                0x00000000200000c4                LMX2594_CHDIV
 *fill*         0x00000000200000cd        0x3 
 .data.LMX2594_VCO_CAPCTRL_STRT
                0x00000000200000d0        0x9 ./Drivers/LMX2594/Src/lmx2594_parameters.o
                0x00000000200000d0                LMX2594_VCO_CAPCTRL_STRT
 *fill*         0x00000000200000d9        0x3 
 .data.LMX2594_rb_LD_VTUNE
                0x00000000200000dc        0x9 ./Drivers/LMX2594/Src/lmx2594_parameters.o
                0x00000000200000dc                LMX2594_rb_LD_VTUNE
 *fill*         0x00000000200000e5        0x3 
 .data.uwTickPrio
                0x00000000200000e8        0x4 ./Drivers/STM32F4xx_HAL_Driver/Src/stm32f4xx_hal.o
                0x00000000200000e8                uwTickPrio
 .data.uwTickFreq
                0x00000000200000ec        0x1 ./Drivers/STM32F4xx_HAL_Driver/Src/stm32f4xx_hal.o
                0x00000000200000ec                uwTickFreq
 *(.RamFunc)
 *(.RamFunc*)
                0x00000000200000f0                . = ALIGN (0x4)
 *fill*         0x00000000200000ed        0x3 
                0x00000000200000f0                _edata = .
                0x0000000008005234                _siccmram = LOADADDR (.ccmram)

.igot.plt       0x00000000200000f0        0x0 load address 0x0000000008005234
 .igot.plt      0x00000000200000f0        0x0 c:/st/stm32cubeide_1.9.0/stm32cubeide/plugins/com.st.stm32cube.ide.mcu.externaltools.gnu-tools-for-stm32.10.3-2021.10.win32_1.0.0.202111181127/tools/bin/../lib/gcc/arm-none-eabi/10.3.1/thumb/v7e-m+fp/hard/crtbegin.o

.ccmram         0x0000000010000000        0x0 load address 0x0000000008005234
                0x0000000010000000                . = ALIGN (0x4)
                0x0000000010000000                _sccmram = .
 *(.ccmram)
 *(.ccmram*)
                0x0000000010000000                . = ALIGN (0x4)
                0x0000000010000000                _eccmram = .
                0x0000000010000000                . = ALIGN (0x4)

.bss            0x00000000200000f0       0xbc
                0x00000000200000f0                _sbss = .
                0x00000000200000f0                __bss_start__ = _sbss
 *(.bss)
 .bss           0x00000000200000f0       0x1c c:/st/stm32cubeide_1.9.0/stm32cubeide/plugins/com.st.stm32cube.ide.mcu.externaltools.gnu-tools-for-stm32.10.3-2021.10.win32_1.0.0.202111181127/tools/bin/../lib/gcc/arm-none-eabi/10.3.1/thumb/v7e-m+fp/hard/crtbegin.o
 *(.bss*)
 .bss.hspi1     0x000000002000010c       0x58 ./Core/Src/main.o
                0x000000002000010c                hspi1
 .bss.huart1    0x0000000020000164       0x44 ./Core/Src/main.o
                0x0000000020000164                huart1
 .bss.uwTick    0x00000000200001a8        0x4 ./Drivers/STM32F4xx_HAL_Driver/Src/stm32f4xx_hal.o
                0x00000000200001a8                uwTick
 *(COMMON)
                0x00000000200001ac                . = ALIGN (0x4)
                0x00000000200001ac                _ebss = .
                0x00000000200001ac                __bss_end__ = _ebss

._user_heap_stack
                0x00000000200001ac      0x604
                0x00000000200001b0                . = ALIGN (0x8)
 *fill*         0x00000000200001ac        0x4 
                [!provide]                        PROVIDE (end = .)
                0x00000000200001b0                PROVIDE (_end = .)
                0x00000000200003b0                . = (. + _Min_Heap_Size)
 *fill*         0x00000000200001b0      0x200 
                0x00000000200007b0                . = (. + _Min_Stack_Size)
 *fill*         0x00000000200003b0      0x400 
                0x00000000200007b0                . = ALIGN (0x8)

/DISCARD/
 libc.a(*)
 libm.a(*)
 libgcc.a(*)

.ARM.attributes
                0x0000000000000000       0x30
 *(.ARM.attributes)
 .ARM.attributes
                0x0000000000000000       0x1e c:/st/stm32cubeide_1.9.0/stm32cubeide/plugins/com.st.stm32cube.ide.mcu.externaltools.gnu-tools-for-stm32.10.3-2021.10.win32_1.0.0.202111181127/tools/bin/../lib/gcc/arm-none-eabi/10.3.1/thumb/v7e-m+fp/hard/crti.o
 .ARM.attributes
                0x000000000000001e       0x34 c:/st/stm32cubeide_1.9.0/stm32cubeide/plugins/com.st.stm32cube.ide.mcu.externaltools.gnu-tools-for-stm32.10.3-2021.10.win32_1.0.0.202111181127/tools/bin/../lib/gcc/arm-none-eabi/10.3.1/thumb/v7e-m+fp/hard/crtbegin.o
 .ARM.attributes
                0x0000000000000052       0x34 ./Core/Src/main.o
 .ARM.attributes
                0x0000000000000086       0x34 ./Core/Src/stm32f4xx_hal_msp.o
 .ARM.attributes
                0x00000000000000ba       0x34 ./Core/Src/stm32f4xx_it.o
 .ARM.attributes
                0x00000000000000ee       0x34 ./Core/Src/system_stm32f4xx.o
 .ARM.attributes
                0x0000000000000122       0x21 ./Core/Startup/startup_stm32f429zitx.o
 .ARM.attributes
                0x0000000000000143       0x34 ./Drivers/LMX2594/Src/lmx2594_com_control.o
 .ARM.attributes
                0x0000000000000177       0x34 ./Drivers/LMX2594/Src/lmx2594_parameters.o
 .ARM.attributes
                0x00000000000001ab       0x34 ./Drivers/LMX2594/Src/lmx2594_parameters_control.o
 .ARM.attributes
                0x00000000000001df       0x34 ./Drivers/LMX2594/Src/lmx2594_registers_control.o
 .ARM.attributes
                0x0000000000000213       0x34 ./Drivers/LMX2594/Src/lmx2594_synthesizer_control.o
 .ARM.attributes
                0x0000000000000247       0x34 ./Drivers/LMX2594/Src/lmx2594_synthesizer_init.o
 .ARM.attributes
                0x000000000000027b       0x34 ./Drivers/LMX2594_In_Pair/Src/lmx2594_in_pair.o
 .ARM.attributes
                0x00000000000002af       0x34 ./Drivers/STM32F4xx_HAL_Driver/Src/stm32f4xx_hal.o
 .ARM.attributes
                0x00000000000002e3       0x34 ./Drivers/STM32F4xx_HAL_Driver/Src/stm32f4xx_hal_cortex.o
 .ARM.attributes
                0x0000000000000317       0x34 ./Drivers/STM32F4xx_HAL_Driver/Src/stm32f4xx_hal_gpio.o
 .ARM.attributes
                0x000000000000034b       0x34 ./Drivers/STM32F4xx_HAL_Driver/Src/stm32f4xx_hal_rcc.o
 .ARM.attributes
                0x000000000000037f       0x34 ./Drivers/STM32F4xx_HAL_Driver/Src/stm32f4xx_hal_spi.o
 .ARM.attributes
                0x00000000000003b3       0x34 ./Drivers/STM32F4xx_HAL_Driver/Src/stm32f4xx_hal_uart.o
 .ARM.attributes
                0x00000000000003e7       0x34 c:/st/stm32cubeide_1.9.0/stm32cubeide/plugins/com.st.stm32cube.ide.mcu.externaltools.gnu-tools-for-stm32.10.3-2021.10.win32_1.0.0.202111181127/tools/bin/../lib/gcc/arm-none-eabi/10.3.1/../../../../arm-none-eabi/lib/thumb/v7e-m+fp/hard\libc_nano.a(lib_a-init.o)
 .ARM.attributes
                0x000000000000041b       0x34 c:/st/stm32cubeide_1.9.0/stm32cubeide/plugins/com.st.stm32cube.ide.mcu.externaltools.gnu-tools-for-stm32.10.3-2021.10.win32_1.0.0.202111181127/tools/bin/../lib/gcc/arm-none-eabi/10.3.1/../../../../arm-none-eabi/lib/thumb/v7e-m+fp/hard\libc_nano.a(lib_a-memcpy-stub.o)
 .ARM.attributes
                0x000000000000044f       0x34 c:/st/stm32cubeide_1.9.0/stm32cubeide/plugins/com.st.stm32cube.ide.mcu.externaltools.gnu-tools-for-stm32.10.3-2021.10.win32_1.0.0.202111181127/tools/bin/../lib/gcc/arm-none-eabi/10.3.1/../../../../arm-none-eabi/lib/thumb/v7e-m+fp/hard\libc_nano.a(lib_a-memset.o)
 .ARM.attributes
                0x0000000000000483       0x34 c:/st/stm32cubeide_1.9.0/stm32cubeide/plugins/com.st.stm32cube.ide.mcu.externaltools.gnu-tools-for-stm32.10.3-2021.10.win32_1.0.0.202111181127/tools/bin/../lib/gcc/arm-none-eabi/10.3.1/../../../../arm-none-eabi/lib/thumb/v7e-m+fp/hard\libm.a(lib_a-s_floor.o)
 .ARM.attributes
                0x00000000000004b7       0x34 c:/st/stm32cubeide_1.9.0/stm32cubeide/plugins/com.st.stm32cube.ide.mcu.externaltools.gnu-tools-for-stm32.10.3-2021.10.win32_1.0.0.202111181127/tools/bin/../lib/gcc/arm-none-eabi/10.3.1/../../../../arm-none-eabi/lib/thumb/v7e-m+fp/hard\libm.a(lib_a-s_round.o)
 .ARM.attributes
                0x00000000000004eb       0x1e c:/st/stm32cubeide_1.9.0/stm32cubeide/plugins/com.st.stm32cube.ide.mcu.externaltools.gnu-tools-for-stm32.10.3-2021.10.win32_1.0.0.202111181127/tools/bin/../lib/gcc/arm-none-eabi/10.3.1/thumb/v7e-m+fp/hard\libgcc.a(_arm_addsubdf3.o)
 .ARM.attributes
                0x0000000000000509       0x1e c:/st/stm32cubeide_1.9.0/stm32cubeide/plugins/com.st.stm32cube.ide.mcu.externaltools.gnu-tools-for-stm32.10.3-2021.10.win32_1.0.0.202111181127/tools/bin/../lib/gcc/arm-none-eabi/10.3.1/thumb/v7e-m+fp/hard\libgcc.a(_arm_muldivdf3.o)
 .ARM.attributes
                0x0000000000000527       0x1e c:/st/stm32cubeide_1.9.0/stm32cubeide/plugins/com.st.stm32cube.ide.mcu.externaltools.gnu-tools-for-stm32.10.3-2021.10.win32_1.0.0.202111181127/tools/bin/../lib/gcc/arm-none-eabi/10.3.1/thumb/v7e-m+fp/hard\libgcc.a(_arm_cmpdf2.o)
 .ARM.attributes
                0x0000000000000545       0x1e c:/st/stm32cubeide_1.9.0/stm32cubeide/plugins/com.st.stm32cube.ide.mcu.externaltools.gnu-tools-for-stm32.10.3-2021.10.win32_1.0.0.202111181127/tools/bin/../lib/gcc/arm-none-eabi/10.3.1/thumb/v7e-m+fp/hard\libgcc.a(_arm_fixunsdfsi.o)
 .ARM.attributes
                0x0000000000000563       0x1e c:/st/stm32cubeide_1.9.0/stm32cubeide/plugins/com.st.stm32cube.ide.mcu.externaltools.gnu-tools-for-stm32.10.3-2021.10.win32_1.0.0.202111181127/tools/bin/../lib/gcc/arm-none-eabi/10.3.1/thumb/v7e-m+fp/hard\libgcc.a(_aeabi_uldivmod.o)
 .ARM.attributes
                0x0000000000000581       0x34 c:/st/stm32cubeide_1.9.0/stm32cubeide/plugins/com.st.stm32cube.ide.mcu.externaltools.gnu-tools-for-stm32.10.3-2021.10.win32_1.0.0.202111181127/tools/bin/../lib/gcc/arm-none-eabi/10.3.1/thumb/v7e-m+fp/hard\libgcc.a(_udivmoddi4.o)
 .ARM.attributes
                0x00000000000005b5       0x1e c:/st/stm32cubeide_1.9.0/stm32cubeide/plugins/com.st.stm32cube.ide.mcu.externaltools.gnu-tools-for-stm32.10.3-2021.10.win32_1.0.0.202111181127/tools/bin/../lib/gcc/arm-none-eabi/10.3.1/thumb/v7e-m+fp/hard\libgcc.a(_dvmd_tls.o)
 .ARM.attributes
                0x00000000000005d3       0x1e c:/st/stm32cubeide_1.9.0/stm32cubeide/plugins/com.st.stm32cube.ide.mcu.externaltools.gnu-tools-for-stm32.10.3-2021.10.win32_1.0.0.202111181127/tools/bin/../lib/gcc/arm-none-eabi/10.3.1/thumb/v7e-m+fp/hard/crtn.o
OUTPUT(LMX2594 Driver.elf elf32-littlearm)
LOAD linker stubs
LOAD c:/st/stm32cubeide_1.9.0/stm32cubeide/plugins/com.st.stm32cube.ide.mcu.externaltools.gnu-tools-for-stm32.10.3-2021.10.win32_1.0.0.202111181127/tools/bin/../lib/gcc/arm-none-eabi/10.3.1/../../../../arm-none-eabi/lib/thumb/v7e-m+fp/hard\libc.a
LOAD c:/st/stm32cubeide_1.9.0/stm32cubeide/plugins/com.st.stm32cube.ide.mcu.externaltools.gnu-tools-for-stm32.10.3-2021.10.win32_1.0.0.202111181127/tools/bin/../lib/gcc/arm-none-eabi/10.3.1/../../../../arm-none-eabi/lib/thumb/v7e-m+fp/hard\libm.a
LOAD c:/st/stm32cubeide_1.9.0/stm32cubeide/plugins/com.st.stm32cube.ide.mcu.externaltools.gnu-tools-for-stm32.10.3-2021.10.win32_1.0.0.202111181127/tools/bin/../lib/gcc/arm-none-eabi/10.3.1/thumb/v7e-m+fp/hard\libgcc.a

.debug_info     0x0000000000000000     0xde63
 .debug_info    0x0000000000000000     0x11fa ./Core/Src/main.o
 .debug_info    0x00000000000011fa      0xcc9 ./Core/Src/stm32f4xx_hal_msp.o
 .debug_info    0x0000000000001ec3      0x136 ./Core/Src/stm32f4xx_it.o
 .debug_info    0x0000000000001ff9      0x53f ./Core/Src/system_stm32f4xx.o
 .debug_info    0x0000000000002538       0x22 ./Core/Startup/startup_stm32f429zitx.o
 .debug_info    0x000000000000255a      0x798 ./Drivers/LMX2594/Src/lmx2594_com_control.o
 .debug_info    0x0000000000002cf2      0x9ff ./Drivers/LMX2594/Src/lmx2594_parameters.o
 .debug_info    0x00000000000036f1      0x8b3 ./Drivers/LMX2594/Src/lmx2594_parameters_control.o
 .debug_info    0x0000000000003fa4      0x837 ./Drivers/LMX2594/Src/lmx2594_registers_control.o
 .debug_info    0x00000000000047db      0xfdb ./Drivers/LMX2594/Src/lmx2594_synthesizer_control.o
 .debug_info    0x00000000000057b6      0x875 ./Drivers/LMX2594/Src/lmx2594_synthesizer_init.o
 .debug_info    0x000000000000602b      0xbd7 ./Drivers/LMX2594_In_Pair/Src/lmx2594_in_pair.o
 .debug_info    0x0000000000006c02      0x9f4 ./Drivers/STM32F4xx_HAL_Driver/Src/stm32f4xx_hal.o
 .debug_info    0x00000000000075f6      0xe51 ./Drivers/STM32F4xx_HAL_Driver/Src/stm32f4xx_hal_cortex.o
 .debug_info    0x0000000000008447      0x786 ./Drivers/STM32F4xx_HAL_Driver/Src/stm32f4xx_hal_gpio.o
 .debug_info    0x0000000000008bcd      0x982 ./Drivers/STM32F4xx_HAL_Driver/Src/stm32f4xx_hal_rcc.o
 .debug_info    0x000000000000954f     0x1758 ./Drivers/STM32F4xx_HAL_Driver/Src/stm32f4xx_hal_spi.o
 .debug_info    0x000000000000aca7     0x31bc ./Drivers/STM32F4xx_HAL_Driver/Src/stm32f4xx_hal_uart.o

.debug_abbrev   0x0000000000000000     0x1fcd
 .debug_abbrev  0x0000000000000000      0x23f ./Core/Src/main.o
 .debug_abbrev  0x000000000000023f      0x1b0 ./Core/Src/stm32f4xx_hal_msp.o
 .debug_abbrev  0x00000000000003ef       0x74 ./Core/Src/stm32f4xx_it.o
 .debug_abbrev  0x0000000000000463      0x116 ./Core/Src/system_stm32f4xx.o
 .debug_abbrev  0x0000000000000579       0x12 ./Core/Startup/startup_stm32f429zitx.o
 .debug_abbrev  0x000000000000058b      0x19e ./Drivers/LMX2594/Src/lmx2594_com_control.o
 .debug_abbrev  0x0000000000000729       0xb9 ./Drivers/LMX2594/Src/lmx2594_parameters.o
 .debug_abbrev  0x00000000000007e2      0x1e0 ./Drivers/LMX2594/Src/lmx2594_parameters_control.o
 .debug_abbrev  0x00000000000009c2      0x199 ./Drivers/LMX2594/Src/lmx2594_registers_control.o
 .debug_abbrev  0x0000000000000b5b      0x240 ./Drivers/LMX2594/Src/lmx2594_synthesizer_control.o
 .debug_abbrev  0x0000000000000d9b      0x151 ./Drivers/LMX2594/Src/lmx2594_synthesizer_init.o
 .debug_abbrev  0x0000000000000eec      0x1ee ./Drivers/LMX2594_In_Pair/Src/lmx2594_in_pair.o
 .debug_abbrev  0x00000000000010da      0x20d ./Drivers/STM32F4xx_HAL_Driver/Src/stm32f4xx_hal.o
 .debug_abbrev  0x00000000000012e7      0x316 ./Drivers/STM32F4xx_HAL_Driver/Src/stm32f4xx_hal_cortex.o
 .debug_abbrev  0x00000000000015fd      0x1c4 ./Drivers/STM32F4xx_HAL_Driver/Src/stm32f4xx_hal_gpio.o
 .debug_abbrev  0x00000000000017c1      0x2aa ./Drivers/STM32F4xx_HAL_Driver/Src/stm32f4xx_hal_rcc.o
 .debug_abbrev  0x0000000000001a6b      0x26e ./Drivers/STM32F4xx_HAL_Driver/Src/stm32f4xx_hal_spi.o
 .debug_abbrev  0x0000000000001cd9      0x2f4 ./Drivers/STM32F4xx_HAL_Driver/Src/stm32f4xx_hal_uart.o

.debug_aranges  0x0000000000000000      0x970
 .debug_aranges
                0x0000000000000000       0x48 ./Core/Src/main.o
 .debug_aranges
                0x0000000000000048       0x40 ./Core/Src/stm32f4xx_hal_msp.o
 .debug_aranges
                0x0000000000000088       0x60 ./Core/Src/stm32f4xx_it.o
 .debug_aranges
                0x00000000000000e8       0x28 ./Core/Src/system_stm32f4xx.o
 .debug_aranges
                0x0000000000000110       0x28 ./Core/Startup/startup_stm32f429zitx.o
 .debug_aranges
                0x0000000000000138       0x38 ./Drivers/LMX2594/Src/lmx2594_com_control.o
 .debug_aranges
                0x0000000000000170       0x18 ./Drivers/LMX2594/Src/lmx2594_parameters.o
 .debug_aranges
                0x0000000000000188       0x28 ./Drivers/LMX2594/Src/lmx2594_parameters_control.o
 .debug_aranges
                0x00000000000001b0       0x28 ./Drivers/LMX2594/Src/lmx2594_registers_control.o
 .debug_aranges
                0x00000000000001d8       0x70 ./Drivers/LMX2594/Src/lmx2594_synthesizer_control.o
 .debug_aranges
                0x0000000000000248       0x20 ./Drivers/LMX2594/Src/lmx2594_synthesizer_init.o
 .debug_aranges
                0x0000000000000268       0x40 ./Drivers/LMX2594_In_Pair/Src/lmx2594_in_pair.o
 .debug_aranges
                0x00000000000002a8      0x100 ./Drivers/STM32F4xx_HAL_Driver/Src/stm32f4xx_hal.o
 .debug_aranges
                0x00000000000003a8      0x118 ./Drivers/STM32F4xx_HAL_Driver/Src/stm32f4xx_hal_cortex.o
 .debug_aranges
                0x00000000000004c0       0x58 ./Drivers/STM32F4xx_HAL_Driver/Src/stm32f4xx_hal_gpio.o
 .debug_aranges
                0x0000000000000518       0x88 ./Drivers/STM32F4xx_HAL_Driver/Src/stm32f4xx_hal_rcc.o
 .debug_aranges
                0x00000000000005a0      0x1d0 ./Drivers/STM32F4xx_HAL_Driver/Src/stm32f4xx_hal_spi.o
 .debug_aranges
                0x0000000000000770      0x200 ./Drivers/STM32F4xx_HAL_Driver/Src/stm32f4xx_hal_uart.o

.debug_ranges   0x0000000000000000      0x880
 .debug_ranges  0x0000000000000000       0x38 ./Core/Src/main.o
 .debug_ranges  0x0000000000000038       0x30 ./Core/Src/stm32f4xx_hal_msp.o
 .debug_ranges  0x0000000000000068       0x50 ./Core/Src/stm32f4xx_it.o
 .debug_ranges  0x00000000000000b8       0x18 ./Core/Src/system_stm32f4xx.o
 .debug_ranges  0x00000000000000d0       0x20 ./Core/Startup/startup_stm32f429zitx.o
 .debug_ranges  0x00000000000000f0       0x28 ./Drivers/LMX2594/Src/lmx2594_com_control.o
 .debug_ranges  0x0000000000000118       0x18 ./Drivers/LMX2594/Src/lmx2594_parameters_control.o
 .debug_ranges  0x0000000000000130       0x18 ./Drivers/LMX2594/Src/lmx2594_registers_control.o
 .debug_ranges  0x0000000000000148       0x60 ./Drivers/LMX2594/Src/lmx2594_synthesizer_control.o
 .debug_ranges  0x00000000000001a8       0x10 ./Drivers/LMX2594/Src/lmx2594_synthesizer_init.o
 .debug_ranges  0x00000000000001b8       0x30 ./Drivers/LMX2594_In_Pair/Src/lmx2594_in_pair.o
 .debug_ranges  0x00000000000001e8       0xf0 ./Drivers/STM32F4xx_HAL_Driver/Src/stm32f4xx_hal.o
 .debug_ranges  0x00000000000002d8      0x108 ./Drivers/STM32F4xx_HAL_Driver/Src/stm32f4xx_hal_cortex.o
 .debug_ranges  0x00000000000003e0       0x48 ./Drivers/STM32F4xx_HAL_Driver/Src/stm32f4xx_hal_gpio.o
 .debug_ranges  0x0000000000000428       0x78 ./Drivers/STM32F4xx_HAL_Driver/Src/stm32f4xx_hal_rcc.o
 .debug_ranges  0x00000000000004a0      0x1c0 ./Drivers/STM32F4xx_HAL_Driver/Src/stm32f4xx_hal_spi.o
 .debug_ranges  0x0000000000000660      0x220 ./Drivers/STM32F4xx_HAL_Driver/Src/stm32f4xx_hal_uart.o

.debug_macro    0x0000000000000000    0x23912
 .debug_macro   0x0000000000000000      0x2ce ./Core/Src/main.o
 .debug_macro   0x00000000000002ce      0xa78 ./Core/Src/main.o
 .debug_macro   0x0000000000000d46      0x29b ./Core/Src/main.o
 .debug_macro   0x0000000000000fe1       0x2e ./Core/Src/main.o
 .debug_macro   0x000000000000100f       0x28 ./Core/Src/main.o
 .debug_macro   0x0000000000001037       0x22 ./Core/Src/main.o
 .debug_macro   0x0000000000001059       0x8e ./Core/Src/main.o
 .debug_macro   0x00000000000010e7       0x51 ./Core/Src/main.o
 .debug_macro   0x0000000000001138      0x103 ./Core/Src/main.o
 .debug_macro   0x000000000000123b       0x6a ./Core/Src/main.o
 .debug_macro   0x00000000000012a5      0x1df ./Core/Src/main.o
 .debug_macro   0x0000000000001484       0x1c ./Core/Src/main.o
 .debug_macro   0x00000000000014a0       0x22 ./Core/Src/main.o
 .debug_macro   0x00000000000014c2       0xd9 ./Core/Src/main.o
 .debug_macro   0x000000000000159b     0x102d ./Core/Src/main.o
 .debug_macro   0x00000000000025c8      0x11f ./Core/Src/main.o
 .debug_macro   0x00000000000026e7    0x17fc0 ./Core/Src/main.o
 .debug_macro   0x000000000001a6a7       0x6d ./Core/Src/main.o
 .debug_macro   0x000000000001a714     0x36f5 ./Core/Src/main.o
 .debug_macro   0x000000000001de09      0x174 ./Core/Src/main.o
 .debug_macro   0x000000000001df7d       0x5c ./Core/Src/main.o
 .debug_macro   0x000000000001dfd9      0xca5 ./Core/Src/main.o
 .debug_macro   0x000000000001ec7e      0x9fe ./Core/Src/main.o
 .debug_macro   0x000000000001f67c      0x115 ./Core/Src/main.o
 .debug_macro   0x000000000001f791      0x156 ./Core/Src/main.o
 .debug_macro   0x000000000001f8e7       0xa5 ./Core/Src/main.o
 .debug_macro   0x000000000001f98c      0x182 ./Core/Src/main.o
 .debug_macro   0x000000000001fb0e      0x287 ./Core/Src/main.o
 .debug_macro   0x000000000001fd95       0x5f ./Core/Src/main.o
 .debug_macro   0x000000000001fdf4      0x236 ./Core/Src/main.o
 .debug_macro   0x000000000002002a      0x132 ./Core/Src/main.o
 .debug_macro   0x000000000002015c      0x41d ./Core/Src/main.o
 .debug_macro   0x0000000000020579       0x2e ./Core/Src/main.o
 .debug_macro   0x00000000000205a7      0x11a ./Core/Src/main.o
 .debug_macro   0x00000000000206c1       0xe2 ./Core/Src/main.o
 .debug_macro   0x00000000000207a3       0x89 ./Core/Src/main.o
 .debug_macro   0x000000000002082c      0x225 ./Core/Src/main.o
 .debug_macro   0x0000000000020a51      0x295 ./Core/Src/main.o
 .debug_macro   0x0000000000020ce6      0x134 ./Core/Src/main.o
 .debug_macro   0x0000000000020e1a       0x52 ./Core/Src/main.o
 .debug_macro   0x0000000000020e6c       0x1e ./Core/Src/main.o
 .debug_macro   0x0000000000020e8a       0x3c ./Core/Src/main.o
 .debug_macro   0x0000000000020ec6       0x34 ./Core/Src/main.o
 .debug_macro   0x0000000000020efa       0x16 ./Core/Src/main.o
 .debug_macro   0x0000000000020f10       0x43 ./Core/Src/main.o
 .debug_macro   0x0000000000020f53       0x34 ./Core/Src/main.o
 .debug_macro   0x0000000000020f87       0x10 ./Core/Src/main.o
 .debug_macro   0x0000000000020f97       0x58 ./Core/Src/main.o
 .debug_macro   0x0000000000020fef       0x71 ./Core/Src/main.o
 .debug_macro   0x0000000000021060       0x1c ./Core/Src/main.o
 .debug_macro   0x000000000002107c      0x12a ./Core/Src/main.o
 .debug_macro   0x00000000000211a6      0x341 ./Core/Src/main.o
 .debug_macro   0x00000000000214e7      0x19b ./Core/Src/main.o
 .debug_macro   0x0000000000021682       0x58 ./Core/Src/main.o
 .debug_macro   0x00000000000216da      0x2ce ./Core/Src/stm32f4xx_hal_msp.o
 .debug_macro   0x00000000000219a8      0x2d8 ./Core/Src/stm32f4xx_it.o
 .debug_macro   0x0000000000021c80      0x1c4 ./Core/Src/system_stm32f4xx.o
 .debug_macro   0x0000000000021e44      0x1ce ./Drivers/LMX2594/Src/lmx2594_com_control.o
 .debug_macro   0x0000000000022012      0x1ce ./Drivers/LMX2594/Src/lmx2594_parameters.o
 .debug_macro   0x00000000000221e0      0x1e2 ./Drivers/LMX2594/Src/lmx2594_parameters_control.o
 .debug_macro   0x00000000000223c2      0x1ce ./Drivers/LMX2594/Src/lmx2594_registers_control.o
 .debug_macro   0x0000000000022590      0x296 ./Drivers/LMX2594/Src/lmx2594_synthesizer_control.o
 .debug_macro   0x0000000000022826       0x56 ./Drivers/LMX2594/Src/lmx2594_synthesizer_control.o
 .debug_macro   0x000000000002287c      0x2a0 ./Drivers/LMX2594/Src/lmx2594_synthesizer_init.o
 .debug_macro   0x0000000000022b1c      0x2c4 ./Drivers/LMX2594_In_Pair/Src/lmx2594_in_pair.o
 .debug_macro   0x0000000000022de0      0x224 ./Drivers/STM32F4xx_HAL_Driver/Src/stm32f4xx_hal.o
 .debug_macro   0x0000000000023004      0x1c4 ./Drivers/STM32F4xx_HAL_Driver/Src/stm32f4xx_hal_cortex.o
 .debug_macro   0x00000000000231c8      0x1ca ./Drivers/STM32F4xx_HAL_Driver/Src/stm32f4xx_hal_gpio.o
 .debug_macro   0x0000000000023392      0x1e8 ./Drivers/STM32F4xx_HAL_Driver/Src/stm32f4xx_hal_rcc.o
 .debug_macro   0x000000000002357a      0x1d3 ./Drivers/STM32F4xx_HAL_Driver/Src/stm32f4xx_hal_spi.o
 .debug_macro   0x000000000002374d      0x1c5 ./Drivers/STM32F4xx_HAL_Driver/Src/stm32f4xx_hal_uart.o

.debug_line     0x0000000000000000     0xd6c1
 .debug_line    0x0000000000000000      0xac5 ./Core/Src/main.o
 .debug_line    0x0000000000000ac5      0x973 ./Core/Src/stm32f4xx_hal_msp.o
 .debug_line    0x0000000000001438      0x99b ./Core/Src/stm32f4xx_it.o
 .debug_line    0x0000000000001dd3      0x71f ./Core/Src/system_stm32f4xx.o
 .debug_line    0x00000000000024f2       0x88 ./Core/Startup/startup_stm32f429zitx.o
 .debug_line    0x000000000000257a      0x7a2 ./Drivers/LMX2594/Src/lmx2594_com_control.o
 .debug_line    0x0000000000002d1c      0x6b6 ./Drivers/LMX2594/Src/lmx2594_parameters.o
 .debug_line    0x00000000000033d2      0x84d ./Drivers/LMX2594/Src/lmx2594_parameters_control.o
 .debug_line    0x0000000000003c1f      0x70f ./Drivers/LMX2594/Src/lmx2594_registers_control.o
 .debug_line    0x000000000000432e      0xc50 ./Drivers/LMX2594/Src/lmx2594_synthesizer_control.o
 .debug_line    0x0000000000004f7e      0x88a ./Drivers/LMX2594/Src/lmx2594_synthesizer_init.o
 .debug_line    0x0000000000005808      0xa6f ./Drivers/LMX2594_In_Pair/Src/lmx2594_in_pair.o
 .debug_line    0x0000000000006277      0x9bb ./Drivers/STM32F4xx_HAL_Driver/Src/stm32f4xx_hal.o
 .debug_line    0x0000000000006c32      0xc34 ./Drivers/STM32F4xx_HAL_Driver/Src/stm32f4xx_hal_cortex.o
 .debug_line    0x0000000000007866      0xb21 ./Drivers/STM32F4xx_HAL_Driver/Src/stm32f4xx_hal_gpio.o
 .debug_line    0x0000000000008387      0xd01 ./Drivers/STM32F4xx_HAL_Driver/Src/stm32f4xx_hal_rcc.o
 .debug_line    0x0000000000009088     0x1c0f ./Drivers/STM32F4xx_HAL_Driver/Src/stm32f4xx_hal_spi.o
 .debug_line    0x000000000000ac97     0x2a2a ./Drivers/STM32F4xx_HAL_Driver/Src/stm32f4xx_hal_uart.o

.debug_str      0x0000000000000000    0xd3732
 .debug_str     0x0000000000000000    0xd0b4e ./Core/Src/main.o
                                      0xd0e7c (size before relaxing)
 .debug_str     0x00000000000d0b4e       0xa5 ./Core/Src/stm32f4xx_hal_msp.o
                                      0xd0a93 (size before relaxing)
 .debug_str     0x00000000000d0bf3       0xc9 ./Core/Src/stm32f4xx_it.o
                                      0xd0341 (size before relaxing)
 .debug_str     0x00000000000d0cbc       0xdb ./Core/Src/system_stm32f4xx.o
                                      0xccc7c (size before relaxing)
 .debug_str     0x00000000000d0d97       0x36 ./Core/Startup/startup_stm32f429zitx.o
                                         0x5c (size before relaxing)
 .debug_str     0x00000000000d0dcd       0x74 ./Drivers/LMX2594/Src/lmx2594_com_control.o
                                      0xcd008 (size before relaxing)
 .debug_str     0x00000000000d0e41      0x718 ./Drivers/LMX2594/Src/lmx2594_parameters.o
                                      0xcd1b8 (size before relaxing)
 .debug_str     0x00000000000d1559       0xb1 ./Drivers/LMX2594/Src/lmx2594_parameters_control.o
                                      0xcd090 (size before relaxing)
 .debug_str     0x00000000000d160a       0x62 ./Drivers/LMX2594/Src/lmx2594_registers_control.o
                                      0xcd063 (size before relaxing)
 .debug_str     0x00000000000d166c      0x267 ./Drivers/LMX2594/Src/lmx2594_synthesizer_control.o
                                      0xd0cbc (size before relaxing)
 .debug_str     0x00000000000d18d3       0x32 ./Drivers/LMX2594/Src/lmx2594_synthesizer_init.o
                                      0xd07f9 (size before relaxing)
 .debug_str     0x00000000000d1905       0xca ./Drivers/LMX2594_In_Pair/Src/lmx2594_in_pair.o
                                      0xd0aca (size before relaxing)
 .debug_str     0x00000000000d19cf      0xb84 ./Drivers/STM32F4xx_HAL_Driver/Src/stm32f4xx_hal.o
                                      0xcd89f (size before relaxing)
 .debug_str     0x00000000000d2553      0x34f ./Drivers/STM32F4xx_HAL_Driver/Src/stm32f4xx_hal_cortex.o
                                      0xcd584 (size before relaxing)
 .debug_str     0x00000000000d28a2      0x121 ./Drivers/STM32F4xx_HAL_Driver/Src/stm32f4xx_hal_gpio.o
                                      0xccdf7 (size before relaxing)
 .debug_str     0x00000000000d29c3      0x214 ./Drivers/STM32F4xx_HAL_Driver/Src/stm32f4xx_hal_rcc.o
                                      0xcd0b0 (size before relaxing)
 .debug_str     0x00000000000d2bd7      0x579 ./Drivers/STM32F4xx_HAL_Driver/Src/stm32f4xx_hal_spi.o
                                      0xcd52d (size before relaxing)
 .debug_str     0x00000000000d3150      0x5e2 ./Drivers/STM32F4xx_HAL_Driver/Src/stm32f4xx_hal_uart.o
                                      0xcd63c (size before relaxing)

.comment        0x0000000000000000       0x50
 .comment       0x0000000000000000       0x50 ./Core/Src/main.o
                                         0x51 (size before relaxing)
 .comment       0x0000000000000050       0x51 ./Core/Src/stm32f4xx_hal_msp.o
 .comment       0x0000000000000050       0x51 ./Core/Src/stm32f4xx_it.o
 .comment       0x0000000000000050       0x51 ./Core/Src/system_stm32f4xx.o
 .comment       0x0000000000000050       0x51 ./Drivers/LMX2594/Src/lmx2594_com_control.o
 .comment       0x0000000000000050       0x51 ./Drivers/LMX2594/Src/lmx2594_parameters.o
 .comment       0x0000000000000050       0x51 ./Drivers/LMX2594/Src/lmx2594_parameters_control.o
 .comment       0x0000000000000050       0x51 ./Drivers/LMX2594/Src/lmx2594_registers_control.o
 .comment       0x0000000000000050       0x51 ./Drivers/LMX2594/Src/lmx2594_synthesizer_control.o
 .comment       0x0000000000000050       0x51 ./Drivers/LMX2594/Src/lmx2594_synthesizer_init.o
 .comment       0x0000000000000050       0x51 ./Drivers/LMX2594_In_Pair/Src/lmx2594_in_pair.o
 .comment       0x0000000000000050       0x51 ./Drivers/STM32F4xx_HAL_Driver/Src/stm32f4xx_hal.o
 .comment       0x0000000000000050       0x51 ./Drivers/STM32F4xx_HAL_Driver/Src/stm32f4xx_hal_cortex.o
 .comment       0x0000000000000050       0x51 ./Drivers/STM32F4xx_HAL_Driver/Src/stm32f4xx_hal_gpio.o
 .comment       0x0000000000000050       0x51 ./Drivers/STM32F4xx_HAL_Driver/Src/stm32f4xx_hal_rcc.o
 .comment       0x0000000000000050       0x51 ./Drivers/STM32F4xx_HAL_Driver/Src/stm32f4xx_hal_spi.o
 .comment       0x0000000000000050       0x51 ./Drivers/STM32F4xx_HAL_Driver/Src/stm32f4xx_hal_uart.o

.debug_frame    0x0000000000000000     0x2730
 .debug_frame   0x0000000000000000       0xdc ./Core/Src/main.o
 .debug_frame   0x00000000000000dc       0xc4 ./Core/Src/stm32f4xx_hal_msp.o
 .debug_frame   0x00000000000001a0      0x104 ./Core/Src/stm32f4xx_it.o
 .debug_frame   0x00000000000002a4       0x58 ./Core/Src/system_stm32f4xx.o
 .debug_frame   0x00000000000002fc       0xa0 ./Drivers/LMX2594/Src/lmx2594_com_control.o
 .debug_frame   0x000000000000039c       0x74 ./Drivers/LMX2594/Src/lmx2594_parameters_control.o
 .debug_frame   0x0000000000000410       0x58 ./Drivers/LMX2594/Src/lmx2594_registers_control.o
 .debug_frame   0x0000000000000468      0x1d0 ./Drivers/LMX2594/Src/lmx2594_synthesizer_control.o
 .debug_frame   0x0000000000000638       0x34 ./Drivers/LMX2594/Src/lmx2594_synthesizer_init.o
 .debug_frame   0x000000000000066c       0xd4 ./Drivers/LMX2594_In_Pair/Src/lmx2594_in_pair.o
 .debug_frame   0x0000000000000740      0x3b4 ./Drivers/STM32F4xx_HAL_Driver/Src/stm32f4xx_hal.o
 .debug_frame   0x0000000000000af4      0x498 ./Drivers/STM32F4xx_HAL_Driver/Src/stm32f4xx_hal_cortex.o
 .debug_frame   0x0000000000000f8c      0x14c ./Drivers/STM32F4xx_HAL_Driver/Src/stm32f4xx_hal_gpio.o
 .debug_frame   0x00000000000010d8      0x1f4 ./Drivers/STM32F4xx_HAL_Driver/Src/stm32f4xx_hal_rcc.o
 .debug_frame   0x00000000000012cc      0x824 ./Drivers/STM32F4xx_HAL_Driver/Src/stm32f4xx_hal_spi.o
 .debug_frame   0x0000000000001af0      0x92c ./Drivers/STM32F4xx_HAL_Driver/Src/stm32f4xx_hal_uart.o
 .debug_frame   0x000000000000241c       0x2c c:/st/stm32cubeide_1.9.0/stm32cubeide/plugins/com.st.stm32cube.ide.mcu.externaltools.gnu-tools-for-stm32.10.3-2021.10.win32_1.0.0.202111181127/tools/bin/../lib/gcc/arm-none-eabi/10.3.1/../../../../arm-none-eabi/lib/thumb/v7e-m+fp/hard\libc_nano.a(lib_a-init.o)
 .debug_frame   0x0000000000002448       0x28 c:/st/stm32cubeide_1.9.0/stm32cubeide/plugins/com.st.stm32cube.ide.mcu.externaltools.gnu-tools-for-stm32.10.3-2021.10.win32_1.0.0.202111181127/tools/bin/../lib/gcc/arm-none-eabi/10.3.1/../../../../arm-none-eabi/lib/thumb/v7e-m+fp/hard\libc_nano.a(lib_a-memcpy-stub.o)
 .debug_frame   0x0000000000002470       0x20 c:/st/stm32cubeide_1.9.0/stm32cubeide/plugins/com.st.stm32cube.ide.mcu.externaltools.gnu-tools-for-stm32.10.3-2021.10.win32_1.0.0.202111181127/tools/bin/../lib/gcc/arm-none-eabi/10.3.1/../../../../arm-none-eabi/lib/thumb/v7e-m+fp/hard\libc_nano.a(lib_a-memset.o)
 .debug_frame   0x0000000000002490       0x30 c:/st/stm32cubeide_1.9.0/stm32cubeide/plugins/com.st.stm32cube.ide.mcu.externaltools.gnu-tools-for-stm32.10.3-2021.10.win32_1.0.0.202111181127/tools/bin/../lib/gcc/arm-none-eabi/10.3.1/../../../../arm-none-eabi/lib/thumb/v7e-m+fp/hard\libm.a(lib_a-s_floor.o)
 .debug_frame   0x00000000000024c0       0x2c c:/st/stm32cubeide_1.9.0/stm32cubeide/plugins/com.st.stm32cube.ide.mcu.externaltools.gnu-tools-for-stm32.10.3-2021.10.win32_1.0.0.202111181127/tools/bin/../lib/gcc/arm-none-eabi/10.3.1/../../../../arm-none-eabi/lib/thumb/v7e-m+fp/hard\libm.a(lib_a-s_round.o)
 .debug_frame   0x00000000000024ec       0xac c:/st/stm32cubeide_1.9.0/stm32cubeide/plugins/com.st.stm32cube.ide.mcu.externaltools.gnu-tools-for-stm32.10.3-2021.10.win32_1.0.0.202111181127/tools/bin/../lib/gcc/arm-none-eabi/10.3.1/thumb/v7e-m+fp/hard\libgcc.a(_arm_addsubdf3.o)
 .debug_frame   0x0000000000002598       0x50 c:/st/stm32cubeide_1.9.0/stm32cubeide/plugins/com.st.stm32cube.ide.mcu.externaltools.gnu-tools-for-stm32.10.3-2021.10.win32_1.0.0.202111181127/tools/bin/../lib/gcc/arm-none-eabi/10.3.1/thumb/v7e-m+fp/hard\libgcc.a(_arm_muldivdf3.o)
 .debug_frame   0x00000000000025e8       0xc4 c:/st/stm32cubeide_1.9.0/stm32cubeide/plugins/com.st.stm32cube.ide.mcu.externaltools.gnu-tools-for-stm32.10.3-2021.10.win32_1.0.0.202111181127/tools/bin/../lib/gcc/arm-none-eabi/10.3.1/thumb/v7e-m+fp/hard\libgcc.a(_arm_cmpdf2.o)
 .debug_frame   0x00000000000026ac       0x24 c:/st/stm32cubeide_1.9.0/stm32cubeide/plugins/com.st.stm32cube.ide.mcu.externaltools.gnu-tools-for-stm32.10.3-2021.10.win32_1.0.0.202111181127/tools/bin/../lib/gcc/arm-none-eabi/10.3.1/thumb/v7e-m+fp/hard\libgcc.a(_arm_fixunsdfsi.o)
 .debug_frame   0x00000000000026d0       0x2c c:/st/stm32cubeide_1.9.0/stm32cubeide/plugins/com.st.stm32cube.ide.mcu.externaltools.gnu-tools-for-stm32.10.3-2021.10.win32_1.0.0.202111181127/tools/bin/../lib/gcc/arm-none-eabi/10.3.1/thumb/v7e-m+fp/hard\libgcc.a(_aeabi_uldivmod.o)
 .debug_frame   0x00000000000026fc       0x34 c:/st/stm32cubeide_1.9.0/stm32cubeide/plugins/com.st.stm32cube.ide.mcu.externaltools.gnu-tools-for-stm32.10.3-2021.10.win32_1.0.0.202111181127/tools/bin/../lib/gcc/arm-none-eabi/10.3.1/thumb/v7e-m+fp/hard\libgcc.a(_udivmoddi4.o)
